*** Using Compiler 'V5.05 update 1 (build 106)', folder: 'E:\SoftWare\Keilv5\ARM\ARMCC\Bin'
Rebuild target '4g_project'
assembling startup_stm32f103xe.s...
compiling usart.c...
compiling stm32f1xx_hal_msp.c...
compiling stm32f1xx_it.c...
compiling gpio.c...
compiling freertos.c...
compiling main.c...
compiling stm32f1xx_hal_timebase_tim.c...
compiling stm32f1xx_hal_gpio_ex.c...
compiling stm32f1xx_hal.c...
compiling stm32f1xx_hal_gpio.c...
compiling stm32f1xx_hal_rcc_ex.c...
compiling stm32f1xx_hal_rcc.c...
compiling stm32f1xx_hal_exti.c...
compiling stm32f1xx_hal_cortex.c...
compiling stm32f1xx_hal_flash_ex.c...
compiling stm32f1xx_hal_pwr.c...
compiling stm32f1xx_hal_flash.c...
compiling croutine.c...
compiling stm32f1xx_hal_dma.c...
compiling list.c...
compiling event_groups.c...
compiling queue.c...
compiling stream_buffer.c...
compiling timers.c...
compiling tasks.c...
compiling heap_4.c...
compiling port.c...
compiling app_init.c...
compiling cmsis_os2.c...
compiling system_stm32f1xx.c...
compiling qgdw_framer.c...
compiling stm32f1xx_hal_tim_ex.c...
compiling stm32f1xx_hal_uart.c...
compiling stm32f1xx_hal_tim.c...
compiling app_tasks.c...
..\Code\app\app_tasks.c(131): warning:  #111-D: statement is unreachable
      if (xSemaphoreTake(g_uart_mutex, pdMS_TO_TICKS(10)) != pdTRUE) {
..\Code\app\app_tasks.c: 1 warning, 0 errors
compiling app_flow.c...
compiling uart_rx.c...
compiling at_client.c...
compiling at_parser.c...
compiling n720v5.c...
compiling rs485.c...
compiling uart_driver.c...
compiling timebase.c...
linking...
Program Size: Code=20512 RO-data=700 RW-data=212 ZI-data=20348  
FromELF: creating hex file...
"4g_project\4g_project.axf" - 0 Error(s), 1 Warning(s).
Build Time Elapsed:  00:00:33
