Component: ARM Compiler 5.05 update 1 (build 106) Tool: armlink [4d0efa]

==============================================================================

Section Cross References

    startup_stm32f103xe.o(STACK) refers (Special) to heapauxi.o(.text) for __use_two_region_memory
    startup_stm32f103xe.o(HEAP) refers (Special) to heapauxi.o(.text) for __use_two_region_memory
    startup_stm32f103xe.o(RESET) refers (Special) to heapauxi.o(.text) for __use_two_region_memory
    startup_stm32f103xe.o(RESET) refers to startup_stm32f103xe.o(STACK) for __initial_sp
    startup_stm32f103xe.o(RESET) refers to startup_stm32f103xe.o(.text) for Reset_Handler
    startup_stm32f103xe.o(RESET) refers to stm32f1xx_it.o(i.NMI_Handler) for NMI_Handler
    startup_stm32f103xe.o(RESET) refers to stm32f1xx_it.o(i.HardFault_Handler) for HardFault_Handler
    startup_stm32f103xe.o(RESET) refers to stm32f1xx_it.o(i.MemManage_Handler) for MemManage_Handler
    startup_stm32f103xe.o(RESET) refers to stm32f1xx_it.o(i.BusFault_Handler) for BusFault_Handler
    startup_stm32f103xe.o(RESET) refers to stm32f1xx_it.o(i.UsageFault_Handler) for UsageFault_Handler
    startup_stm32f103xe.o(RESET) refers to port.o(.emb_text) for SVC_Handler
    startup_stm32f103xe.o(RESET) refers to stm32f1xx_it.o(i.DebugMon_Handler) for DebugMon_Handler
    startup_stm32f103xe.o(RESET) refers to cmsis_os2.o(i.SysTick_Handler) for SysTick_Handler
    startup_stm32f103xe.o(RESET) refers to stm32f1xx_it.o(i.USART1_IRQHandler) for USART1_IRQHandler
    startup_stm32f103xe.o(RESET) refers to stm32f1xx_it.o(i.USART2_IRQHandler) for USART2_IRQHandler
    startup_stm32f103xe.o(RESET) refers to stm32f1xx_it.o(i.USART3_IRQHandler) for USART3_IRQHandler
    startup_stm32f103xe.o(RESET) refers to stm32f1xx_it.o(i.TIM6_IRQHandler) for TIM6_IRQHandler
    startup_stm32f103xe.o(.text) refers (Special) to heapauxi.o(.text) for __use_two_region_memory
    startup_stm32f103xe.o(.text) refers to system_stm32f1xx.o(i.SystemInit) for SystemInit
    startup_stm32f103xe.o(.text) refers to __main.o(!!!main) for __main
    startup_stm32f103xe.o(.text) refers to startup_stm32f103xe.o(HEAP) for Heap_Mem
    startup_stm32f103xe.o(.text) refers to startup_stm32f103xe.o(STACK) for Stack_Mem
    main.o(i.HAL_TIM_PeriodElapsedCallback) refers to stm32f1xx_hal.o(i.HAL_IncTick) for HAL_IncTick
    main.o(i.SystemClock_Config) refers to rt_memclr_w.o(.text) for __aeabi_memclr4
    main.o(i.SystemClock_Config) refers to stm32f1xx_hal_rcc.o(i.HAL_RCC_OscConfig) for HAL_RCC_OscConfig
    main.o(i.SystemClock_Config) refers to stm32f1xx_hal_rcc.o(i.HAL_RCC_ClockConfig) for HAL_RCC_ClockConfig
    main.o(i.main) refers to stm32f1xx_hal.o(i.HAL_Init) for HAL_Init
    main.o(i.main) refers to main.o(i.SystemClock_Config) for SystemClock_Config
    main.o(i.main) refers to gpio.o(i.MX_GPIO_Init) for MX_GPIO_Init
    main.o(i.main) refers to usart.o(i.MX_USART1_UART_Init) for MX_USART1_UART_Init
    main.o(i.main) refers to usart.o(i.MX_USART2_UART_Init) for MX_USART2_UART_Init
    main.o(i.main) refers to usart.o(i.MX_USART3_UART_Init) for MX_USART3_UART_Init
    main.o(i.main) refers to uart_driver.o(i.uart_init) for uart_init
    main.o(i.main) refers to rs485.o(i.rs485_init) for rs485_init
    main.o(i.main) refers to app_init.o(i.app_init) for app_init
    main.o(i.main) refers to cmsis_os2.o(i.osKernelInitialize) for osKernelInitialize
    main.o(i.main) refers to freertos.o(i.MX_FREERTOS_Init) for MX_FREERTOS_Init
    main.o(i.main) refers to cmsis_os2.o(i.osKernelStart) for osKernelStart
    gpio.o(i.MX_GPIO_Init) refers to stm32f1xx_hal_gpio.o(i.HAL_GPIO_WritePin) for HAL_GPIO_WritePin
    gpio.o(i.MX_GPIO_Init) refers to stm32f1xx_hal_gpio.o(i.HAL_GPIO_Init) for HAL_GPIO_Init
    freertos.o(i.MX_FREERTOS_Init) refers to cmsis_os2.o(i.osThreadNew) for osThreadNew
    freertos.o(i.MX_FREERTOS_Init) refers to freertos.o(.constdata) for .constdata
    freertos.o(i.MX_FREERTOS_Init) refers to freertos.o(i.StartDefaultTask) for StartDefaultTask
    freertos.o(i.MX_FREERTOS_Init) refers to freertos.o(.data) for .data
    freertos.o(i.StartDefaultTask) refers to cmsis_os2.o(i.osDelay) for osDelay
    freertos.o(.constdata) refers to freertos.o(.conststring) for .conststring
    usart.o(i.HAL_UART_MspDeInit) refers to stm32f1xx_hal_gpio.o(i.HAL_GPIO_DeInit) for HAL_GPIO_DeInit
    usart.o(i.HAL_UART_MspInit) refers to stm32f1xx_hal_gpio.o(i.HAL_GPIO_Init) for HAL_GPIO_Init
    usart.o(i.MX_USART1_UART_Init) refers to stm32f1xx_hal_uart.o(i.HAL_UART_Init) for HAL_UART_Init
    usart.o(i.MX_USART1_UART_Init) refers to main.o(i.Error_Handler) for Error_Handler
    usart.o(i.MX_USART1_UART_Init) refers to usart.o(.bss) for .bss
    usart.o(i.MX_USART2_UART_Init) refers to stm32f1xx_hal_uart.o(i.HAL_UART_Init) for HAL_UART_Init
    usart.o(i.MX_USART2_UART_Init) refers to main.o(i.Error_Handler) for Error_Handler
    usart.o(i.MX_USART2_UART_Init) refers to usart.o(.bss) for .bss
[...]
    pxEnd                                    0x20000068   Data           4  heap_4.o(.data)
    xFreeBytesRemaining                      0x2000006c   Data           4  heap_4.o(.data)
    xMinimumEverFreeBytesRemaining           0x20000070   Data           4  heap_4.o(.data)
    xNumberOfSuccessfulAllocations           0x20000074   Data           4  heap_4.o(.data)
    xNumberOfSuccessfulFrees                 0x20000078   Data           4  heap_4.o(.data)
    xBlockAllocatedBit                       0x2000007c   Data           4  heap_4.o(.data)
    xStart                                   0x20000080   Data           8  heap_4.o(.data)
    .data                                    0x20000088   Section       12  port.o(.data)
    ucMaxSysCallPriority                     0x20000088   Data           1  port.o(.data)
    uxCriticalNesting                        0x2000008c   Data           4  port.o(.data)
    ulMaxPRIGROUPValue                       0x20000090   Data           4  port.o(.data)
    .data                                    0x20000094   Section       20  app_init.o(.data)
    .data                                    0x200000a8   Section       16  app_tasks.o(.data)
    g_switch_locked                          0x200000a8   Data           1  app_tasks.o(.data)
    g_current_sim                            0x200000a9   Data           1  app_tasks.o(.data)
    g_monitor_wakeup                         0x200000ac   Data           4  app_tasks.o(.data)
    g_monitor_timer                          0x200000b0   Data           4  app_tasks.o(.data)
    g_switch_lock_timer                      0x200000b4   Data           4  app_tasks.o(.data)
    .data                                    0x200000b8   Section       12  app_flow.o(.data)
    s_last_present_main                      0x200000b8   Data           1  app_flow.o(.data)
    s_last_present_backup                    0x200000b9   Data           1  app_flow.o(.data)
    s_last_ready_main                        0x200000ba   Data           1  app_flow.o(.data)
    s_last_ready_backup                      0x200000bb   Data           1  app_flow.o(.data)
    s_last_rssi_main                         0x200000bc   Data           4  app_flow.o(.data)
    s_last_rssi_backup                       0x200000c0   Data           4  app_flow.o(.data)
    .data                                    0x200000c4   Section        1  uart_rx.o(.data)
    s_active_modem                           0x200000c4   Data           1  uart_rx.o(.data)
    .data                                    0x200000c8   Section       12  uart_driver.o(.data)
    s_modem_slot                             0x200000c8   Data           1  uart_driver.o(.data)
    s_modem_uart                             0x200000d0   Data           4  uart_driver.o(.data)
    .bss                                     0x200000d4   Section      216  usart.o(.bss)
    .bss                                     0x200001ac   Section       72  stm32f1xx_hal_timebase_tim.o(.bss)
    .bss                                     0x200001f4   Section       64  queue.o(.bss)
    .bss                                     0x20000234   Section     1220  tasks.o(.bss)
    pxReadyTasksLists                        0x20000234   Data        1120  tasks.o(.bss)
    xDelayedTaskList1                        0x20000694   Data          20  tasks.o(.bss)
    xDelayedTaskList2                        0x200006a8   Data          20  tasks.o(.bss)
    xPendingReadyList                        0x200006bc   Data          20  tasks.o(.bss)
    xTasksWaitingTermination                 0x200006d0   Data          20  tasks.o(.bss)
    xSuspendedTaskList                       0x200006e4   Data          20  tasks.o(.bss)
    .bss                                     0x200006f8   Section      284  timers.o(.bss)
    xStaticTimerQueue                        0x200006f8   Data          84  timers.o(.bss)
    ucStaticTimerQueueStorage                0x2000074c   Data         160  timers.o(.bss)
    xActiveTimerList1                        0x200007ec   Data          20  timers.o(.bss)
    xActiveTimerList2                        0x20000800   Data          20  timers.o(.bss)
    .bss                                     0x20000814   Section     1720  cmsis_os2.o(.bss)
    Idle_TCB                                 0x20000814   Data          92  cmsis_os2.o(.bss)
    Idle_Stack                               0x20000870   Data         512  cmsis_os2.o(.bss)
    Timer_TCB                                0x20000a70   Data          92  cmsis_os2.o(.bss)
    Timer_Stack                              0x20000acc   Data        1024  cmsis_os2.o(.bss)
    .bss                                     0x20000ecc   Section    12288  heap_4.o(.bss)
    ucHeap                                   0x20000ecc   Data       12288  heap_4.o(.bss)
    .bss                                     0x20003ecc   Section      256  app_flow.o(.bss)
    s_last_ccid_main                         0x20003ecc   Data         128  app_flow.o(.bss)
    s_last_ccid_backup                       0x20003f4c   Data         128  app_flow.o(.bss)
    .bss                                     0x20003fcc   Section     1040  qgdw_framer.o(.bss)
    s_asm_modem                              0x20003fcc   Data         520  qgdw_framer.o(.bss)
    s_asm_rs485                              0x200041d4   Data         520  qgdw_framer.o(.bss)
    .bss                                     0x200043dc   Section     1554  uart_rx.o(.bss)
    s_ring_modem_main                        0x200043dc   Data         518  uart_rx.o(.bss)
    s_ring_modem_backup                      0x200045e2   Data         518  uart_rx.o(.bss)
    s_ring_rs485                             0x200047e8   Data         518  uart_rx.o(.bss)
    .bss                                     0x200049f0   Section       96  libspace.o(.bss)
    HEAP                                     0x20004a50   Section      512  startup_stm32f103xe.o(HEAP)
    Heap_Mem                                 0x20004a50   Data         512  startup_stm32f103xe.o(HEAP)
    STACK                                    0x20004c50   Section     1024  startup_stm32f103xe.o(STACK)
    Stack_Mem                                0x20004c50   Data        1024  startup_stm32f103xe.o(STACK)
    __initial_sp                             0x20005050   Data           0  startup_stm32f103xe.o(STACK)

    Global Symbols

    Symbol Name                              Value     Ov Type        Size  Object(Section)

    BuildAttributes$$THM_ISAv4$P$D$K$B$S$PE$A:L22UL41UL21$X:L11$S22US41US21$IEEE1$IW$USESV6$~STKCKD$USESV7$~SHL$OSPACE$ROPI$EBA8$UX$STANDARDLIB$REQ8$PRES8$EABIv2 0x00000000   Number         0  anon$$obj.o ABSOLUTE
    __ARM_use_no_argv                        0x00000000   Number         0  main.o ABSOLUTE
    _printf_flags                            0x00000000   Number         0  printf_stubs.o ABSOLUTE
    _printf_return_value                     0x00000000   Number         0  printf_stubs.o ABSOLUTE
    _printf_sizespec                         0x00000000   Number         0  printf_stubs.o ABSOLUTE
    _printf_widthprec                        0x00000000   Number         0  printf_stubs.o ABSOLUTE
    __ARM_exceptions_init                     - Undefined Weak Reference
    __alloca_initialize                       - Undefined Weak Reference
    __arm_preinit_                            - Undefined Weak Reference
    __cpp_initialize__aeabi_                  - Undefined Weak Reference
    __cxa_finalize                            - Undefined Weak Reference
    __sigvec_lookup                           - Undefined Weak Reference
    _atexit_init                              - Undefined Weak Reference
    _call_atexit_fns                          - Undefined Weak Reference
    _clock_init                               - Undefined Weak Reference
    _fp_trap_init                             - Undefined Weak Reference
    _fp_trap_shutdown                         - Undefined Weak Reference
    _get_lc_collate                           - Undefined Weak Reference
    _get_lc_monetary                          - Undefined Weak Reference
    _get_lc_numeric                           - Undefined Weak Reference
    _get_lc_time                              - Undefined Weak Reference
    _getenv_init                              - Undefined Weak Reference
    _handle_redirection                       - Undefined Weak Reference
    _init_alloc                               - Undefined Weak Reference
    _init_user_alloc                          - Undefined Weak Reference
    _initio                                   - Undefined Weak Reference
    _printf_mbtowc                            - Undefined Weak Reference
    _printf_post_padding                      - Undefined Weak Reference
    _printf_pre_padding                       - Undefined Weak Reference
    _printf_truncate_signed                   - Undefined Weak Reference
    _printf_truncate_unsigned                 - Undefined Weak Reference
    _rand_init                                - Undefined Weak Reference
    _signal_finish                            - Undefined Weak Reference
    _signal_init                              - Undefined Weak Reference
    _terminate_alloc                          - Undefined Weak Reference
    _terminate_user_alloc                     - Undefined Weak Reference
    _terminateio                              - Undefined Weak Reference
    __Vectors_Size                           0x00000130   Number         0  startup_stm32f103xe.o ABSOLUTE
    __Vectors                                0x08000000   Data           4  startup_stm32f103xe.o(RESET)
    __Vectors_End                            0x08000130   Data           0  startup_stm32f103xe.o(RESET)
    __main                                   0x08000131   Thumb Code     8  __main.o(!!!main)
    __scatterload                            0x08000139   Thumb Code     0  __scatter.o(!!!scatter)
    __scatterload_rt2                        0x08000139   Thumb Code    44  __scatter.o(!!!scatter)
    __scatterload_rt2_thumb_only             0x08000139   Thumb Code     0  __scatter.o(!!!scatter)
    __scatterload_null                       0x08000147   Thumb Code     0  __scatter.o(!!!scatter)
    __scatterload_copy                       0x0800016d   Thumb Code    26  __scatter_copy.o(!!handler_copy)
    __scatterload_zeroinit                   0x08000189   Thumb Code    28  __scatter_zi.o(!!handler_zi)
    _printf_d                                0x080001a5   Thumb Code     0  _printf_d.o(.ARM.Collect$$_printf_percent$$00000009)
    _printf_percent                          0x080001a5   Thumb Code     0  _printf_percent.o(.ARM.Collect$$_printf_percent$$00000000)
    _printf_u                                0x080001ab   Thumb Code     0  _printf_u.o(.ARM.Collect$$_printf_percent$$0000000A)
    _printf_s                                0x080001b1   Thumb Code     0  _printf_s.o(.ARM.Collect$$_printf_percent$$00000014)
    _printf_percent_end                      0x080001b7   Thumb Code     0  _printf_percent_end.o(.ARM.Collect$$_printf_percent$$00000017)
    __rt_lib_init                            0x080001bb   Thumb Code     0  libinit.o(.ARM.Collect$$libinit$$00000000)
    __rt_lib_init_fp_1                       0x080001bd   Thumb Code     0  libinit2.o(.ARM.Collect$$libinit$$00000002)
    __rt_lib_init_heap_1                     0x080001bd   Thumb Code     0  libinit2.o(.ARM.Collect$$libinit$$0000000A)
    __rt_lib_init_lc_common                  0x080001bd   Thumb Code     0  libinit2.o(.ARM.Collect$$libinit$$0000000F)
    __rt_lib_init_preinit_1                  0x080001bd   Thumb Code     0  libinit2.o(.ARM.Collect$$libinit$$00000004)
    __rt_lib_init_rand_1                     0x080001bd   Thumb Code     0  libinit2.o(.ARM.Collect$$libinit$$0000000E)
    __rt_lib_init_user_alloc_1               0x080001bd   Thumb Code     0  libinit2.o(.ARM.Collect$$libinit$$0000000C)
    __rt_lib_init_lc_collate_1               0x080001c3   Thumb Code     0  libinit2.o(.ARM.Collect$$libinit$$00000011)
    __rt_lib_init_lc_ctype_2                 0x080001c3   Thumb Code     0  libinit2.o(.ARM.Collect$$libinit$$00000012)
    __rt_lib_init_alloca_1                   0x080001cf   Thumb Code     0  libinit2.o(.ARM.Collect$$libinit$$0000002E)
    __rt_lib_init_argv_1                     0x080001cf   Thumb Code     0  libinit2.o(.ARM.Collect$$libinit$$0000002C)
    __rt_lib_init_atexit_1                   0x080001cf   Thumb Code     0  libinit2.o(.ARM.Collect$$libinit$$0000001B)
    __rt_lib_init_clock_1                    0x080001cf   Thumb Code     0  libinit2.o(.ARM.Collect$$libinit$$00000021)
    __rt_lib_init_cpp_1                      0x080001cf   Thumb Code     0  libinit2.o(.ARM.Collect$$libinit$$00000032)
    __rt_lib_init_exceptions_1               0x080001cf   Thumb Code     0  libinit2.o(.ARM.Collect$$libinit$$00000030)
    __rt_lib_init_fp_trap_1                  0x080001cf   Thumb Code     0  libinit2.o(.ARM.Collect$$libinit$$0000001F)
    __rt_lib_init_getenv_1                   0x080001cf   Thumb Code     0  libinit2.o(.ARM.Collect$$libinit$$00000023)
    __rt_lib_init_lc_ctype_1                 0x080001cf   Thumb Code     0  libinit2.o(.ARM.Collect$$libinit$$00000013)
    __rt_lib_init_lc_monetary_1              0x080001cf   Thumb Code     0  libinit2.o(.ARM.Collect$$libinit$$00000015)
    __rt_lib_init_lc_numeric_1               0x080001cf   Thumb Code     0  libinit2.o(.ARM.Collect$$libinit$$00000017)
    __rt_lib_init_lc_time_1                  0x080001cf   Thumb Code     0  libinit2.o(.ARM.Collect$$libinit$$00000019)
    __rt_lib_init_return                     0x080001cf   Thumb Code     0  libinit2.o(.ARM.Collect$$libinit$$00000033)
    __rt_lib_init_signal_1                   0x080001cf   Thumb Code     0  libinit2.o(.ARM.Collect$$libinit$$0000001D)
    __rt_lib_init_stdio_1                    0x080001cf   Thumb Code     0  libinit2.o(.ARM.Collect$$libinit$$00000025)
    __rt_lib_shutdown                        0x080001d1   Thumb Code     0  libshutdown.o(.ARM.Collect$$libshutdown$$00000000)
    __rt_lib_shutdown_fp_trap_1              0x080001d3   Thumb Code     0  libshutdown2.o(.ARM.Collect$$libshutdown$$00000006)
    __rt_lib_shutdown_heap_1                 0x080001d3   Thumb Code     0  libshutdown2.o(.ARM.Collect$$libshutdown$$0000000E)
    __rt_lib_shutdown_return                 0x080001d3   Thumb Code     0  libshutdown2.o(.ARM.Collect$$libshutdown$$0000000F)
    __rt_lib_shutdown_signal_1               0x080001d3   Thumb Code     0  libshutdown2.o(.ARM.Collect$$libshutdown$$00000009)
    __rt_lib_shutdown_stdio_1                0x080001d3   Thumb Code     0  libshutdown2.o(.ARM.Collect$$libshutdown$$00000003)
    __rt_lib_shutdown_user_alloc_1           0x080001d3   Thumb Code     0  libshutdown2.o(.ARM.Collect$$libshutdown$$0000000B)
    __rt_entry                               0x080001d5   Thumb Code     0  __rtentry.o(.ARM.Collect$$rtentry$$00000000)
    __rt_entry_presh_1                       0x080001d5   Thumb Code     0  __rtentry2.o(.ARM.Collect$$rtentry$$00000002)
    __rt_entry_sh                            0x080001d5   Thumb Code     0  __rtentry4.o(.ARM.Collect$$rtentry$$00000004)
    __rt_entry_li                            0x080001db   Thumb Code     0  __rtentry2.o(.ARM.Collect$$rtentry$$0000000A)
    __rt_entry_postsh_1                      0x080001db   Thumb Code     0  __rtentry2.o(.ARM.Collect$$rtentry$$00000009)
    __rt_entry_main                          0x080001df   Thumb Code     0  __rtentry2.o(.ARM.Collect$$rtentry$$0000000D)
    __rt_entry_postli_1                      0x080001df   Thumb Code     0  __rtentry2.o(.ARM.Collect$$rtentry$$0000000C)
    __rt_exit                                0x080001e7   Thumb Code     0  rtexit.o(.ARM.Collect$$rtexit$$00000000)
    __rt_exit_ls                             0x080001e9   Thumb Code     0  rtexit2.o(.ARM.Collect$$rtexit$$00000003)
    __rt_exit_prels_1                        0x080001e9   Thumb Code     0  rtexit2.o(.ARM.Collect$$rtexit$$00000002)
    __rt_exit_exit                           0x080001ed   Thumb Code     0  rtexit2.o(.ARM.Collect$$rtexit$$00000004)
    SVC_Handler                              0x080001f5   Thumb Code    32  port.o(.emb_text)
    __asm___6_port_c_39a90d8d__prvStartFirstTask 0x08000219   Thumb Code    28  port.o(.emb_text)
    PendSV_Handler                           0x08000239   Thumb Code    72  port.o(.emb_text)
    vPortGetIPSR                             0x08000285   Thumb Code     6  port.o(.emb_text)
    Reset_Handler                            0x0800028d   Thumb Code     8  startup_stm32f103xe.o(.text)
    ADC1_2_IRQHandler                        0x080002a7   Thumb Code     0  startup_stm32f103xe.o(.text)
    ADC3_IRQHandler                          0x080002a7   Thumb Code     0  startup_stm32f103xe.o(.text)
    CAN1_RX1_IRQHandler                      0x080002a7   Thumb Code     0  startup_stm32f103xe.o(.text)
    CAN1_SCE_IRQHandler                      0x080002a7   Thumb Code     0  startup_stm32f103xe.o(.text)
    DMA1_Channel1_IRQHandler                 0x080002a7   Thumb Code     0  startup_stm32f103xe.o(.text)
    DMA1_Channel2_IRQHandler                 0x080002a7   Thumb Code     0  startup_stm32f103xe.o(.text)
    DMA1_Channel3_IRQHandler                 0x080002a7   Thumb Code     0  startup_stm32f103xe.o(.text)
    DMA1_Channel4_IRQHandler                 0x080002a7   Thumb Code     0  startup_stm32f103xe.o(.text)
    DMA1_Channel5_IRQHandler                 0x080002a7   Thumb Code     0  startup_stm32f103xe.o(.text)
    DMA1_Channel6_IRQHandler                 0x080002a7   Thumb Code     0  startup_stm32f103xe.o(.text)
    DMA1_Channel7_IRQHandler                 0x080002a7   Thumb Code     0  startup_stm32f103xe.o(.text)
    DMA2_Channel1_IRQHandler                 0x080002a7   Thumb Code     0  startup_stm32f103xe.o(.text)
    DMA2_Channel2_IRQHandler                 0x080002a7   Thumb Code     0  startup_stm32f103xe.o(.text)
    DMA2_Channel3_IRQHandler                 0x080002a7   Thumb Code     0  startup_stm32f103xe.o(.text)
    DMA2_Channel4_5_IRQHandler               0x080002a7   Thumb Code     0  startup_stm32f103xe.o(.text)
    EXTI0_IRQHandler                         0x080002a7   Thumb Code     0  startup_stm32f103xe.o(.text)
    EXTI15_10_IRQHandler                     0x080002a7   Thumb Code     0  startup_stm32f103xe.o(.text)
    EXTI1_IRQHandler                         0x080002a7   Thumb Code     0  startup_stm32f103xe.o(.text)
    EXTI2_IRQHandler                         0x080002a7   Thumb Code     0  startup_stm32f103xe.o(.text)
    EXTI3_IRQHandler                         0x080002a7   Thumb Code     0  startup_stm32f103xe.o(.text)
    EXTI4_IRQHandler                         0x080002a7   Thumb Code     0  startup_stm32f103xe.o(.text)
    EXTI9_5_IRQHandler                       0x080002a7   Thumb Code     0  startup_stm32f103xe.o(.text)
    FLASH_IRQHandler                         0x080002a7   Thumb Code     0  startup_stm32f103xe.o(.text)
    FSMC_IRQHandler                          0x080002a7   Thumb Code     0  startup_stm32f103xe.o(.text)
    I2C1_ER_IRQHandler                       0x080002a7   Thumb Code     0  startup_stm32f103xe.o(.text)
    I2C1_EV_IRQHandler                       0x080002a7   Thumb Code     0  startup_stm32f103xe.o(.text)
    I2C2_ER_IRQHandler                       0x080002a7   Thumb Code     0  startup_stm32f103xe.o(.text)
    I2C2_EV_IRQHandler                       0x080002a7   Thumb Code     0  startup_stm32f103xe.o(.text)
    PVD_IRQHandler                           0x080002a7   Thumb Code     0  startup_stm32f103xe.o(.text)
    RCC_IRQHandler                           0x080002a7   Thumb Code     0  startup_stm32f103xe.o(.text)
    RTC_Alarm_IRQHandler                     0x080002a7   Thumb Code     0  startup_stm32f103xe.o(.text)
    RTC_IRQHandler                           0x080002a7   Thumb Code     0  startup_stm32f103xe.o(.text)
    SDIO_IRQHandler                          0x080002a7   Thumb Code     0  startup_stm32f103xe.o(.text)
    SPI1_IRQHandler                          0x080002a7   Thumb Code     0  startup_stm32f103xe.o(.text)
    SPI2_IRQHandler                          0x080002a7   Thumb Code     0  startup_stm32f103xe.o(.text)
    SPI3_IRQHandler                          0x080002a7   Thumb Code     0  startup_stm32f103xe.o(.text)
    TAMPER_IRQHandler                        0x080002a7   Thumb Code     0  startup_stm32f103xe.o(.text)
    TIM1_BRK_IRQHandler                      0x080002a7   Thumb Code     0  startup_stm32f103xe.o(.text)
    TIM1_CC_IRQHandler                       0x080002a7   Thumb Code     0  startup_stm32f103xe.o(.text)
    TIM1_TRG_COM_IRQHandler                  0x080002a7   Thumb Code     0  startup_stm32f103xe.o(.text)
    TIM1_UP_IRQHandler                       0x080002a7   Thumb Code     0  startup_stm32f103xe.o(.text)
    TIM2_IRQHandler                          0x080002a7   Thumb Code     0  startup_stm32f103xe.o(.text)
    TIM3_IRQHandler                          0x080002a7   Thumb Code     0  startup_stm32f103xe.o(.text)
    TIM4_IRQHandler                          0x080002a7   Thumb Code     0  startup_stm32f103xe.o(.text)
    TIM5_IRQHandler                          0x080002a7   Thumb Code     0  startup_stm32f103xe.o(.text)
    TIM7_IRQHandler                          0x080002a7   Thumb Code     0  startup_stm32f103xe.o(.text)
    TIM8_BRK_IRQHandler                      0x080002a7   Thumb Code     0  startup_stm32f103xe.o(.text)
    TIM8_CC_IRQHandler                       0x080002a7   Thumb Code     0  startup_stm32f103xe.o(.text)
    TIM8_TRG_COM_IRQHandler                  0x080002a7   Thumb Code     0  startup_stm32f103xe.o(.text)
    TIM8_UP_IRQHandler                       0x080002a7   Thumb Code     0  startup_stm32f103xe.o(.text)
    UART4_IRQHandler                         0x080002a7   Thumb Code     0  startup_stm32f103xe.o(.text)
    UART5_IRQHandler                         0x080002a7   Thumb Code     0  startup_stm32f103xe.o(.text)
    USBWakeUp_IRQHandler                     0x080002a7   Thumb Code     0  startup_stm32f103xe.o(.text)
    USB_HP_CAN1_TX_IRQHandler                0x080002a7   Thumb Code     0  startup_stm32f103xe.o(.text)
    USB_LP_CAN1_RX0_IRQHandler               0x080002a7   Thumb Code     0  startup_stm32f103xe.o(.text)
    WWDG_IRQHandler                          0x080002a7   Thumb Code     0  startup_stm32f103xe.o(.text)
    __user_initial_stackheap                 0x080002a9   Thumb Code     0  startup_stm32f103xe.o(.text)
    __rt_ctype_table                         0x080002cd   Thumb Code    16  rt_ctype_table.o(.text)
    __2snprintf                              0x080002dd   Thumb Code    50  __2snprintf.o(.text)
    _printf_str                              0x08000315   Thumb Code    82  _printf_str.o(.text)
    _printf_int_dec                          0x08000369   Thumb Code   104  _printf_dec.o(.text)
    __printf                                 0x080003e1   Thumb Code   184  __printf_ss.o(.text)
    strtol                                   0x08000499   Thumb Code   112  strtol.o(.text)
    strchr                                   0x08000509   Thumb Code    20  strchr.o(.text)
    strstr                                   0x0800051d   Thumb Code    36  strstr.o(.text)
    strlen                                   0x08000541   Thumb Code    62  strlen.o(.text)
    strncmp                                  0x0800057f   Thumb Code   150  strncmp.o(.text)
    __aeabi_memcpy                           0x08000615   Thumb Code     0  rt_memcpy_v6.o(.text)
    __rt_memcpy                              0x08000615   Thumb Code   138  rt_memcpy_v6.o(.text)
    _memcpy_lastbytes                        0x0800067b   Thumb Code     0  rt_memcpy_v6.o(.text)
    __aeabi_memcpy4                          0x0800069f   Thumb Code     0  rt_memcpy_w.o(.text)
    __aeabi_memcpy8                          0x0800069f   Thumb Code     0  rt_memcpy_w.o(.text)
    __rt_memcpy_w                            0x0800069f   Thumb Code   100  rt_memcpy_w.o(.text)
    _memcpy_lastbytes_aligned                0x080006e7   Thumb Code     0  rt_memcpy_w.o(.text)
    __aeabi_memset                           0x08000703   Thumb Code    16  aeabi_memset.o(.text)
    __aeabi_memclr4                          0x08000713   Thumb Code     0  rt_memclr_w.o(.text)
    __aeabi_memclr8                          0x08000713   Thumb Code     0  rt_memclr_w.o(.text)
    __rt_memclr_w                            0x08000713   Thumb Code    78  rt_memclr_w.o(.text)
    _memset_w                                0x08000717   Thumb Code     0  rt_memclr_w.o(.text)
    strncpy                                  0x08000761   Thumb Code    86  strncpy.o(.text)
    __use_two_region_memory                  0x080007b7   Thumb Code     2  heapauxi.o(.text)
    __rt_heap_escrow$2region                 0x080007b9   Thumb Code     2  heapauxi.o(.text)
    __rt_heap_expand$2region                 0x080007bb   Thumb Code     2  heapauxi.o(.text)
    __rt_locale                              0x080007bd   Thumb Code     8  rt_locale_intlibspace.o(.text)
    __aeabi_errno_addr                       0x080007c5   Thumb Code     8  rt_errno_addr_intlibspace.o(.text)
    __errno$intlibspace                      0x080007c5   Thumb Code     0  rt_errno_addr_intlibspace.o(.text)
    __rt_errno_addr$intlibspace              0x080007c5   Thumb Code     0  rt_errno_addr_intlibspace.o(.text)
    _printf_int_common                       0x080007cd   Thumb Code   178  _printf_intcommon.o(.text)
    _printf_char_common                      0x0800088b   Thumb Code    32  _printf_char_common.o(.text)
    _sputc                                   0x080008b1   Thumb Code    10  _sputc.o(.text)
    _snputc                                  0x080008bb   Thumb Code    16  _snputc.o(.text)
    _printf_cs_common                        0x080008cb   Thumb Code    20  _printf_char.o(.text)
    _printf_char                             0x080008df   Thumb Code    16  _printf_char.o(.text)
    _printf_string                           0x080008ef   Thumb Code     8  _printf_char.o(.text)
    _strtoul                                 0x080008f7   Thumb Code   158  _strtoul.o(.text)
    __aeabi_memclr                           0x08000995   Thumb Code     0  rt_memclr.o(.text)
    __rt_memclr                              0x08000995   Thumb Code    68  rt_memclr.o(.text)
    _memset                                  0x08000999   Thumb Code     0  rt_memclr.o(.text)
    __user_libspace                          0x080009d9   Thumb Code     8  libspace.o(.text)
    __user_perproc_libspace                  0x080009d9   Thumb Code     0  libspace.o(.text)
    __user_perthread_libspace                0x080009d9   Thumb Code     0  libspace.o(.text)
    _chval                                   0x080009e1   Thumb Code    28  _chval.o(.text)
    strcmp                                   0x080009fd   Thumb Code   128  strcmpv7m.o(.text)
    __user_setup_stackheap                   0x08000a7d   Thumb Code    74  sys_stackheap_outer.o(.text)
    exit                                     0x08000ac7   Thumb Code    12  exit.o(.text)
    _sys_exit                                0x08000ad5   Thumb Code     8  sys_exit.o(.text)
    __I$use$semihosting                      0x08000ae1   Thumb Code     0  use_no_semi.o(.text)
    __use_no_semihosting_swi                 0x08000ae1   Thumb Code     2  use_no_semi.o(.text)
    BusFault_Handler                         0x08000ae3   Thumb Code     2  stm32f1xx_it.o(i.BusFault_Handler)
    __semihosting_library_function           0x08000ae3   Thumb Code     0  indicate_semi.o(.text)
    DebugMon_Handler                         0x08000ae5   Thumb Code     2  stm32f1xx_it.o(i.DebugMon_Handler)
    Error_Handler                            0x08000ae7   Thumb Code     4  main.o(i.Error_Handler)
    HAL_DMA_Abort                            0x08000aeb   Thumb Code    70  stm32f1xx_hal_dma.o(i.HAL_DMA_Abort)
    HAL_DMA_Abort_IT                         0x08000b31   Thumb Code   296  stm32f1xx_hal_dma.o(i.HAL_DMA_Abort_IT)
    HAL_GPIO_Init                            0x08000c61   Thumb Code   462  stm32f1xx_hal_gpio.o(i.HAL_GPIO_Init)
    HAL_GPIO_WritePin                        0x08000e59   Thumb Code    10  stm32f1xx_hal_gpio.o(i.HAL_GPIO_WritePin)
    HAL_GetTick                              0x08000e65   Thumb Code     6  stm32f1xx_hal.o(i.HAL_GetTick)
    HAL_IncTick                              0x08000e71   Thumb Code    12  stm32f1xx_hal.o(i.HAL_IncTick)
    HAL_Init                                 0x08000e81   Thumb Code    32  stm32f1xx_hal.o(i.HAL_Init)
    HAL_InitTick                             0x08000ea5   Thumb Code   100  stm32f1xx_hal_timebase_tim.o(i.HAL_InitTick)
    HAL_MspInit                              0x08000f19   Thumb Code    62  stm32f1xx_hal_msp.o(i.HAL_MspInit)
    HAL_NVIC_EnableIRQ                       0x08000f61   Thumb Code    26  stm32f1xx_hal_cortex.o(i.HAL_NVIC_EnableIRQ)
    HAL_NVIC_SetPriority                     0x08000f7d   Thumb Code    60  stm32f1xx_hal_cortex.o(i.HAL_NVIC_SetPriority)
    HAL_NVIC_SetPriorityGrouping             0x08000fbd   Thumb Code    26  stm32f1xx_hal_cortex.o(i.HAL_NVIC_SetPriorityGrouping)
    HAL_RCC_ClockConfig                      0x08000fe1   Thumb Code   280  stm32f1xx_hal_rcc.o(i.HAL_RCC_ClockConfig)
    HAL_RCC_GetClockConfig                   0x0800110d   Thumb Code    54  stm32f1xx_hal_rcc.o(i.HAL_RCC_GetClockConfig)
    HAL_RCC_GetPCLK1Freq                     0x0800114d   Thumb Code    20  stm32f1xx_hal_rcc.o(i.HAL_RCC_GetPCLK1Freq)
    HAL_RCC_GetPCLK2Freq                     0x0800116d   Thumb Code    20  stm32f1xx_hal_rcc.o(i.HAL_RCC_GetPCLK2Freq)
    HAL_RCC_GetSysClockFreq                  0x0800118d   Thumb Code    58  stm32f1xx_hal_rcc.o(i.HAL_RCC_GetSysClockFreq)
    HAL_RCC_OscConfig                        0x080011d9   Thumb Code   778  stm32f1xx_hal_rcc.o(i.HAL_RCC_OscConfig)
    HAL_TIMEx_BreakCallback                  0x080014f9   Thumb Code     2  stm32f1xx_hal_tim_ex.o(i.HAL_TIMEx_BreakCallback)
    HAL_TIMEx_CommutCallback                 0x080014fb   Thumb Code     2  stm32f1xx_hal_tim_ex.o(i.HAL_TIMEx_CommutCallback)
    HAL_TIM_Base_Init                        0x080014fd   Thumb Code    90  stm32f1xx_hal_tim.o(i.HAL_TIM_Base_Init)
    HAL_TIM_Base_MspInit                     0x08001557   Thumb Code     2  stm32f1xx_hal_tim.o(i.HAL_TIM_Base_MspInit)
    HAL_TIM_Base_Start_IT                    0x08001559   Thumb Code    88  stm32f1xx_hal_tim.o(i.HAL_TIM_Base_Start_IT)
    HAL_TIM_IC_CaptureCallback               0x080015c5   Thumb Code     2  stm32f1xx_hal_tim.o(i.HAL_TIM_IC_CaptureCallback)
    HAL_TIM_IRQHandler                       0x080015c7   Thumb Code   304  stm32f1xx_hal_tim.o(i.HAL_TIM_IRQHandler)
    HAL_TIM_OC_DelayElapsedCallback          0x080016f7   Thumb Code     2  stm32f1xx_hal_tim.o(i.HAL_TIM_OC_DelayElapsedCallback)
    HAL_TIM_PWM_PulseFinishedCallback        0x080016f9   Thumb Code     2  stm32f1xx_hal_tim.o(i.HAL_TIM_PWM_PulseFinishedCallback)
    HAL_TIM_PeriodElapsedCallback            0x080016fd   Thumb Code    14  main.o(i.HAL_TIM_PeriodElapsedCallback)
    HAL_TIM_TriggerCallback                  0x08001711   Thumb Code     2  stm32f1xx_hal_tim.o(i.HAL_TIM_TriggerCallback)
    HAL_UARTEx_RxEventCallback               0x08001713   Thumb Code     2  stm32f1xx_hal_uart.o(i.HAL_UARTEx_RxEventCallback)
    HAL_UART_ErrorCallback                   0x08001715   Thumb Code    34  uart_rx.o(i.HAL_UART_ErrorCallback)
    HAL_UART_IRQHandler                      0x08001751   Thumb Code   616  stm32f1xx_hal_uart.o(i.HAL_UART_IRQHandler)
    HAL_UART_Init                            0x080019bd   Thumb Code   100  stm32f1xx_hal_uart.o(i.HAL_UART_Init)
    HAL_UART_MspInit                         0x08001a21   Thumb Code   220  usart.o(i.HAL_UART_MspInit)
    HAL_UART_Receive_IT                      0x08001b15   Thumb Code    28  stm32f1xx_hal_uart.o(i.HAL_UART_Receive_IT)
    HAL_UART_RxCpltCallback                  0x08001b31   Thumb Code    74  uart_rx.o(i.HAL_UART_RxCpltCallback)
    HAL_UART_Transmit                        0x08001b95   Thumb Code   160  stm32f1xx_hal_uart.o(i.HAL_UART_Transmit)
    HAL_UART_TxCpltCallback                  0x08001c35   Thumb Code     2  stm32f1xx_hal_uart.o(i.HAL_UART_TxCpltCallback)
    HardFault_Handler                        0x08001c37   Thumb Code     2  stm32f1xx_it.o(i.HardFault_Handler)
    MX_FREERTOS_Init                         0x08001c39   Thumb Code    18  freertos.o(i.MX_FREERTOS_Init)
    MX_GPIO_Init                             0x08001c59   Thumb Code   104  gpio.o(i.MX_GPIO_Init)
    MX_USART1_UART_Init                      0x08001cc9   Thumb Code    48  usart.o(i.MX_USART1_UART_Init)
    MX_USART2_UART_Init                      0x08001d01   Thumb Code    48  usart.o(i.MX_USART2_UART_Init)
    MX_USART3_UART_Init                      0x08001d39   Thumb Code    48  usart.o(i.MX_USART3_UART_Init)
    MemManage_Handler                        0x08001d71   Thumb Code     2  stm32f1xx_it.o(i.MemManage_Handler)
    NMI_Handler                              0x08001d73   Thumb Code     2  stm32f1xx_it.o(i.NMI_Handler)
    StartDefaultTask                         0x08001d75   Thumb Code     8  freertos.o(i.StartDefaultTask)
    SysTick_Handler                          0x08001d7d   Thumb Code    26  cmsis_os2.o(i.SysTick_Handler)
    SystemClock_Config                       0x08001d97   Thumb Code    94  main.o(i.SystemClock_Config)
    SystemInit                               0x08001df5   Thumb Code     2  system_stm32f1xx.o(i.SystemInit)
    TIM6_IRQHandler                          0x08001df9   Thumb Code     6  stm32f1xx_it.o(i.TIM6_IRQHandler)
    TIM_Base_SetConfig                       0x08001e05   Thumb Code   134  stm32f1xx_hal_tim.o(i.TIM_Base_SetConfig)
    UART_Start_Receive_IT                    0x08002079   Thumb Code    54  stm32f1xx_hal_uart.o(i.UART_Start_Receive_IT)
    USART1_IRQHandler                        0x08002121   Thumb Code     6  stm32f1xx_it.o(i.USART1_IRQHandler)
    USART2_IRQHandler                        0x0800212d   Thumb Code     6  stm32f1xx_it.o(i.USART2_IRQHandler)
    USART3_IRQHandler                        0x08002139   Thumb Code     6  stm32f1xx_it.o(i.USART3_IRQHandler)
    UsageFault_Handler                       0x08002145   Thumb Code     2  stm32f1xx_it.o(i.UsageFault_Handler)
    app_collect_monitor_sample               0x08002291   Thumb Code   128  app_flow.o(i.app_collect_monitor_sample)
    app_handle_forward_4g_frame              0x0800231d   Thumb Code    88  app_flow.o(i.app_handle_forward_4g_frame)
    app_handle_forward_concentrator_frame    0x08002395   Thumb Code    74  app_flow.o(i.app_handle_forward_concentrator_frame)
    app_handle_sim_switch                    0x080023e5   Thumb Code   116  app_flow.o(i.app_handle_sim_switch)
    app_init                                 0x08002465   Thumb Code   104  app_init.o(i.app_init)
    app_tasks_init                           0x080024d1   Thumb Code   182  app_tasks.o(i.app_tasks_init)
    at_parse_int_after_colon                 0x08002685   Thumb Code    94  at_parser.o(i.at_parse_int_after_colon)
    at_send_command                          0x080026e5   Thumb Code   150  at_client.o(i.at_send_command)
    main                                     0x0800287b   Thumb Code    50  main.o(i.main)
    n720v5_get_ccid                          0x080029bd   Thumb Code   124  n720v5.o(i.n720v5_get_ccid)
    n720v5_get_cimi                          0x08002a49   Thumb Code    98  n720v5.o(i.n720v5_get_cimi)
    n720v5_get_cpin                          0x08002ab5   Thumb Code    52  n720v5.o(i.n720v5_get_cpin)
    n720v5_get_creg                          0x08002afd   Thumb Code    62  n720v5.o(i.n720v5_get_creg)
    n720v5_get_csq                           0x08002b49   Thumb Code    62  n720v5.o(i.n720v5_get_csq)
    n720v5_set_cgdcont                       0x08002b91   Thumb Code    40  n720v5.o(i.n720v5_set_cgdcont)
    n720v5_set_netact                        0x08002bd1   Thumb Code    38  n720v5.o(i.n720v5_set_netact)
    n720v5_set_sim                           0x08002c0d   Thumb Code    36  n720v5.o(i.n720v5_set_sim)
    osDelay                                  0x08002c45   Thumb Code    26  cmsis_os2.o(i.osDelay)
    osKernelInitialize                       0x08002c61   Thumb Code    32  cmsis_os2.o(i.osKernelInitialize)
    osKernelStart                            0x08002c85   Thumb Code    48  cmsis_os2.o(i.osKernelStart)
    osThreadNew                              0x08002cbd   Thumb Code   136  cmsis_os2.o(i.osThreadNew)
    pvPortMalloc                             0x080035d1   Thumb Code   216  heap_4.o(i.pvPortMalloc)
    pvTaskIncrementMutexHeldCount            0x080036ad   Thumb Code    18  tasks.o(i.pvTaskIncrementMutexHeldCount)
    pxPortInitialiseStack                    0x080036c5   Thumb Code    32  port.o(i.pxPortInitialiseStack)
    qgdw_framer_init                         0x080036e9   Thumb Code    18  qgdw_framer.o(i.qgdw_framer_init)
    qgdw_framer_poll                         0x08003705   Thumb Code   108  qgdw_framer.o(i.qgdw_framer_poll)
    rs485_init                               0x08003855   Thumb Code    12  rs485.o(i.rs485_init)
    rs485_set_tx                             0x08003865   Thumb Code    18  rs485.o(i.rs485_set_tx)
    uart_init                                0x08003ab5   Thumb Code     4  uart_driver.o(i.uart_init)
    uart_modem_read_line                     0x08003ab9   Thumb Code     4  uart_driver.o(i.uart_modem_read_line)
    uart_modem_select                        0x08003abd   Thumb Code    30  uart_driver.o(i.uart_modem_select)
    uart_modem_write                         0x08003ae9   Thumb Code    16  uart_driver.o(i.uart_modem_write)
    uart_rs485_write                         0x08003afd   Thumb Code    14  uart_driver.o(i.uart_rs485_write)
    uart_rx_flush                            0x08003b11   Thumb Code    32  uart_rx.o(i.uart_rx_flush)
    uart_rx_flush_slot                       0x08003b35   Thumb Code    22  uart_rx.o(i.uart_rx_flush_slot)
    uart_rx_init                             0x08003b55   Thumb Code    88  uart_rx.o(i.uart_rx_init)
    uart_rx_on_modem_uart_changed            0x08003bc9   Thumb Code     2  uart_rx.o(i.uart_rx_on_modem_uart_changed)
    uart_rx_pop                              0x08003bcd   Thumb Code    86  uart_rx.o(i.uart_rx_pop)
    uart_rx_pop_modem_combined               0x08003c29   Thumb Code    82  uart_rx.o(i.uart_rx_pop_modem_combined)
    uart_rx_read_line_modem                  0x08003c85   Thumb Code    14  uart_rx.o(i.uart_rx_read_line_modem)
    uart_rx_read_line_slot                   0x08003c99   Thumb Code   104  uart_rx.o(i.uart_rx_read_line_slot)
    uart_rx_set_active_modem                 0x08003d09   Thumb Code     6  uart_rx.o(i.uart_rx_set_active_modem)
    uart_sync_init                           0x08003d15   Thumb Code    20  uart_driver.o(i.uart_sync_init)
    uxListRemove                             0x08003d47   Thumb Code    38  list.o(i.uxListRemove)
    uxTaskResetEventItemValue                0x08003d6d   Thumb Code    20  tasks.o(i.uxTaskResetEventItemValue)
    vApplicationGetIdleTaskMemory            0x08003d85   Thumb Code    16  cmsis_os2.o(i.vApplicationGetIdleTaskMemory)
    vApplicationGetTimerTaskMemory           0x08003d99   Thumb Code    18  cmsis_os2.o(i.vApplicationGetTimerTaskMemory)
    vListInitialise                          0x08003db1   Thumb Code    22  list.o(i.vListInitialise)
    vListInitialiseItem                      0x08003dc7   Thumb Code     6  list.o(i.vListInitialiseItem)
    vListInsert                              0x08003dcd   Thumb Code    48  list.o(i.vListInsert)
    vListInsertEnd                           0x08003dfd   Thumb Code    24  list.o(i.vListInsertEnd)
    vPortEnterCritical                       0x08003e15   Thumb Code    54  port.o(i.vPortEnterCritical)
    vPortExitCritical                        0x08003e55   Thumb Code    34  port.o(i.vPortExitCritical)
    vPortFree                                0x08003e7d   Thumb Code    94  heap_4.o(i.vPortFree)
    vPortSetupTimerInterrupt                 0x08003ee1   Thumb Code    32  port.o(i.vPortSetupTimerInterrupt)
    vPortValidateInterruptPriority           0x08003f05   Thumb Code    74  port.o(i.vPortValidateInterruptPriority)
    vQueueAddToRegistry                      0x08003f59   Thumb Code    34  queue.o(i.vQueueAddToRegistry)
    vQueueWaitForMessageRestricted           0x08003f81   Thumb Code    68  queue.o(i.vQueueWaitForMessageRestricted)
    vTaskDelay                               0x08003fc5   Thumb Code    66  tasks.o(i.vTaskDelay)
    vTaskInternalSetTimeOutState             0x08004011   Thumb Code    12  tasks.o(i.vTaskInternalSetTimeOutState)
    vTaskMissedYield                         0x08004021   Thumb Code     8  tasks.o(i.vTaskMissedYield)
    vTaskPlaceOnEventList                    0x0800402d   Thumb Code    44  tasks.o(i.vTaskPlaceOnEventList)
    vTaskPlaceOnEventListRestricted          0x0800405d   Thumb Code    52  tasks.o(i.vTaskPlaceOnEventListRestricted)
    vTaskPlaceOnUnorderedEventList           0x08004095   Thumb Code    76  tasks.o(i.vTaskPlaceOnUnorderedEventList)
    vTaskPriorityDisinheritAfterTimeout      0x080040e5   Thumb Code   134  tasks.o(i.vTaskPriorityDisinheritAfterTimeout)
    vTaskRemoveFromUnorderedEventList        0x08004175   Thumb Code   102  tasks.o(i.vTaskRemoveFromUnorderedEventList)
    vTaskStartScheduler                      0x080041e5   Thumb Code   118  tasks.o(i.vTaskStartScheduler)
    vTaskSuspendAll                          0x0800426d   Thumb Code    10  tasks.o(i.vTaskSuspendAll)
    vTaskSwitchContext                       0x0800427d   Thumb Code    90  tasks.o(i.vTaskSwitchContext)
    xEventGroupCreate                        0x080042e1   Thumb Code    28  event_groups.o(i.xEventGroupCreate)
    xEventGroupSetBits                       0x080042fd   Thumb Code   140  event_groups.o(i.xEventGroupSetBits)
    xEventGroupWaitBits                      0x08004389   Thumb Code   260  event_groups.o(i.xEventGroupWaitBits)
    xPortStartScheduler                      0x08004491   Thumb Code   154  port.o(i.xPortStartScheduler)
    xPortSysTickHandler                      0x08004539   Thumb Code    38  port.o(i.xPortSysTickHandler)
    xQueueAddToSet                           0x08004565   Thumb Code    34  queue.o(i.xQueueAddToSet)
    xQueueCreateMutex                        0x08004587   Thumb Code    22  queue.o(i.xQueueCreateMutex)
    xQueueCreateSet                          0x0800459d   Thumb Code     8  queue.o(i.xQueueCreateSet)
    xQueueGenericCreate                      0x080045a5   Thumb Code    66  queue.o(i.xQueueGenericCreate)
    xQueueGenericCreateStatic                0x080045e7   Thumb Code   102  queue.o(i.xQueueGenericCreateStatic)
    xQueueGenericReset                       0x0800464d   Thumb Code   132  queue.o(i.xQueueGenericReset)
    xQueueGenericSend                        0x080046d5   Thumb Code   372  queue.o(i.xQueueGenericSend)
    xQueueGenericSendFromISR                 0x0800484d   Thumb Code   214  queue.o(i.xQueueGenericSendFromISR)
    xQueueReceive                            0x08004925   Thumb Code   308  queue.o(i.xQueueReceive)
    xQueueSelectFromSet                      0x08004a5d   Thumb Code    18  queue.o(i.xQueueSelectFromSet)
    xQueueSemaphoreTake                      0x08004a71   Thumb Code   372  queue.o(i.xQueueSemaphoreTake)
    xTaskCheckForTimeOut                     0x08004be9   Thumb Code   112  tasks.o(i.xTaskCheckForTimeOut)
    xTaskCreate                              0x08004c5d   Thumb Code    90  tasks.o(i.xTaskCreate)
    xTaskCreateStatic                        0x08004cb7   Thumb Code    86  tasks.o(i.xTaskCreateStatic)
    xTaskGetSchedulerState                   0x08004d0d   Thumb Code    22  tasks.o(i.xTaskGetSchedulerState)
    xTaskGetTickCount                        0x08004d29   Thumb Code     6  tasks.o(i.xTaskGetTickCount)
    xTaskIncrementTick                       0x08004d35   Thumb Code   192  tasks.o(i.xTaskIncrementTick)
    xTaskPriorityDisinherit                  0x08004dfd   Thumb Code   118  tasks.o(i.xTaskPriorityDisinherit)
    xTaskPriorityInherit                     0x08004e7d   Thumb Code   112  tasks.o(i.xTaskPriorityInherit)
    xTaskRemoveFromEventList                 0x08004ef5   Thumb Code    98  tasks.o(i.xTaskRemoveFromEventList)
    xTaskResumeAll                           0x08004f65   Thumb Code   182  tasks.o(i.xTaskResumeAll)
    xTimerCreate                             0x08005029   Thumb Code    52  timers.o(i.xTimerCreate)
    xTimerCreateTimerTask                    0x0800505d   Thumb Code    78  timers.o(i.xTimerCreateTimerTask)
    xTimerGenericCommand                     0x080050bd   Thumb Code    98  timers.o(i.xTimerGenericCommand)
    _get_lc_ctype                            0x08005125   Thumb Code    44  lc_ctype_c.o(locale$$code)
    defaultTask_attributes                   0x08005150   Data          36  freertos.o(.constdata)
    AHBPrescTable                            0x08005186   Data          16  system_stm32f1xx.o(.constdata)
    APBPrescTable                            0x08005196   Data           8  system_stm32f1xx.o(.constdata)
    Region$$Table$$Base                      0x080051ac   Number         0  anon$$obj.o(Region$$Table)
    Region$$Table$$Limit                     0x080051cc   Number         0  anon$$obj.o(Region$$Table)
    __ctype                                  0x080051d9   Data           0  lc_ctype_c.o(locale$$data)
    defaultTaskHandle                        0x20000000   Data           4  freertos.o(.data)
    uwTickFreq                               0x20000004   Data           1  stm32f1xx_hal.o(.data)
    uwTickPrio                               0x20000008   Data           4  stm32f1xx_hal.o(.data)
    uwTick                                   0x2000000c   Data           4  stm32f1xx_hal.o(.data)
    SystemCoreClock                          0x20000010   Data           4  system_stm32f1xx.o(.data)
    pxCurrentTCB                             0x20000014   Data           4  tasks.o(.data)
    g_app_event_group                        0x20000094   Data           4  app_init.o(.data)
    g_queue_4g_rx                            0x20000098   Data           4  app_init.o(.data)
    g_queue_conc_rx                          0x2000009c   Data           4  app_init.o(.data)
    g_queue_monitor                          0x200000a0   Data           4  app_init.o(.data)
    g_queue_set_forward                      0x200000a4   Data           4  app_init.o(.data)
    g_uart_mutex                             0x200000cc   Data           4  uart_driver.o(.data)
    huart1                                   0x200000d4   Data          72  usart.o(.bss)
    huart2                                   0x2000011c   Data          72  usart.o(.bss)
    huart3                                   0x20000164   Data          72  usart.o(.bss)
    htim6                                    0x200001ac   Data          72  stm32f1xx_hal_timebase_tim.o(.bss)
    xQueueRegistry                           0x200001f4   Data          64  queue.o(.bss)
    __libspace_start                         0x200049f0   Data          96  libspace.o(.bss)
    __temporary_stack_top$libspace           0x20004a50   Data           0  libspace.o(.bss)



==============================================================================

Memory Map of the image

  Image Entry point : 0x08000131

  Load Region LR_IROM1 (Base: 0x08000000, Size: 0x000053b0, Max: 0x00040000, ABSOLUTE)

    Execution Region ER_IROM1 (Exec base: 0x08000000, Load base: 0x08000000, Size: 0x000052dc, Max: 0x00040000, ABSOLUTE)

    Exec Addr    Load Addr    Size         Type   Attr      Idx    E Section Name        Object

    0x08000000   0x08000000   0x00000130   Data   RO            3    RESET               startup_stm32f103xe.o
    0x08000130   0x08000130   0x00000008   Code   RO         5404  * !!!main             c_w.l(__main.o)
    0x08000138   0x08000138   0x00000034   Code   RO         5594    !!!scatter          c_w.l(__scatter.o)
    0x0800016c   0x0800016c   0x0000001a   Code   RO         5596    !!handler_copy      c_w.l(__scatter_copy.o)
    0x08000186   0x08000186   0x00000002   PAD
    0x08000188   0x08000188   0x0000001c   Code   RO         5598    !!handler_zi        c_w.l(__scatter_zi.o)
    0x080001a4   0x080001a4   0x00000000   Code   RO         5379    .ARM.Collect$$_printf_percent$$00000000  c_w.l(_printf_percent.o)
    0x080001a4   0x080001a4   0x00000006   Code   RO         5377    .ARM.Collect$$_printf_percent$$00000009  c_w.l(_printf_d.o)
    0x080001aa   0x080001aa   0x00000006   Code   RO         5378    .ARM.Collect$$_printf_percent$$0000000A  c_w.l(_printf_u.o)
    0x080001b0   0x080001b0   0x00000006   Code   RO         5376    .ARM.Collect$$_printf_percent$$00000014  c_w.l(_printf_s.o)
    0x080001b6   0x080001b6   0x00000004   Code   RO         5427    .ARM.Collect$$_printf_percent$$00000017  c_w.l(_printf_percent_end.o)
    0x080001ba   0x080001ba   0x00000002   Code   RO         5515    .ARM.Collect$$libinit$$00000000  c_w.l(libinit.o)
    0x080001bc   0x080001bc   0x00000000   Code   RO         5460    .ARM.Collect$$libinit$$00000002  c_w.l(libinit2.o)
    0x080001bc   0x080001bc   0x00000000   Code   RO         5462    .ARM.Collect$$libinit$$00000004  c_w.l(libinit2.o)
    0x080001bc   0x080001bc   0x00000000   Code   RO         5465    .ARM.Collect$$libinit$$0000000A  c_w.l(libinit2.o)
    0x080001bc   0x080001bc   0x00000000   Code   RO         5467    .ARM.Collect$$libinit$$0000000C  c_w.l(libinit2.o)
    0x080001bc   0x080001bc   0x00000000   Code   RO         5469    .ARM.Collect$$libinit$$0000000E  c_w.l(libinit2.o)
    0x080001bc   0x080001bc   0x00000006   Code   RO         5470    .ARM.Collect$$libinit$$0000000F  c_w.l(libinit2.o)
    0x080001c2   0x080001c2   0x00000000   Code   RO         5472    .ARM.Collect$$libinit$$00000011  c_w.l(libinit2.o)
    0x080001c2   0x080001c2   0x0000000c   Code   RO         5473    .ARM.Collect$$libinit$$00000012  c_w.l(libinit2.o)
    0x080001ce   0x080001ce   0x00000000   Code   RO         5474    .ARM.Collect$$libinit$$00000013  c_w.l(libinit2.o)
    0x080001ce   0x080001ce   0x00000000   Code   RO         5476    .ARM.Collect$$libinit$$00000015  c_w.l(libinit2.o)
    0x080001ce   0x080001ce   0x00000000   Code   RO         5478    .ARM.Collect$$libinit$$00000017  c_w.l(libinit2.o)
    0x080001ce   0x080001ce   0x00000000   Code   RO         5480    .ARM.Collect$$libinit$$00000019  c_w.l(libinit2.o)
    0x080001ce   0x080001ce   0x00000000   Code   RO         5482    .ARM.Collect$$libinit$$0000001B  c_w.l(libinit2.o)
    0x080001ce   0x080001ce   0x00000000   Code   RO         5484    .ARM.Collect$$libinit$$0000001D  c_w.l(libinit2.o)
    0x080001ce   0x080001ce   0x00000000   Code   RO         5486    .ARM.Collect$$libinit$$0000001F  c_w.l(libinit2.o)
    0x080001ce   0x080001ce   0x00000000   Code   RO         5488    .ARM.Collect$$libinit$$00000021  c_w.l(libinit2.o)
    0x080001ce   0x080001ce   0x00000000   Code   RO         5490    .ARM.Collect$$libinit$$00000023  c_w.l(libinit2.o)
    0x080001ce   0x080001ce   0x00000000   Code   RO         5492    .ARM.Collect$$libinit$$00000025  c_w.l(libinit2.o)
    0x080001ce   0x080001ce   0x00000000   Code   RO         5496    .ARM.Collect$$libinit$$0000002C  c_w.l(libinit2.o)
    0x080001ce   0x080001ce   0x00000000   Code   RO         5498    .ARM.Collect$$libinit$$0000002E  c_w.l(libinit2.o)
    0x080001ce   0x080001ce   0x00000000   Code   RO         5500    .ARM.Collect$$libinit$$00000030  c_w.l(libinit2.o)
    0x080001ce   0x080001ce   0x00000000   Code   RO         5502    .ARM.Collect$$libinit$$00000032  c_w.l(libinit2.o)
    0x080001ce   0x080001ce   0x00000002   Code   RO         5503    .ARM.Collect$$libinit$$00000033  c_w.l(libinit2.o)
    0x080001d0   0x080001d0   0x00000002   Code   RO         5552    .ARM.Collect$$libshutdown$$00000000  c_w.l(libshutdown.o)
    0x080001d2   0x080001d2   0x00000000   Code   RO         5559    .ARM.Collect$$libshutdown$$00000003  c_w.l(libshutdown2.o)
    0x080001d2   0x080001d2   0x00000000   Code   RO         5562    .ARM.Collect$$libshutdown$$00000006  c_w.l(libshutdown2.o)
    0x080001d2   0x080001d2   0x00000000   Code   RO         5565    .ARM.Collect$$libshutdown$$00000009  c_w.l(libshutdown2.o)
    0x080001d2   0x080001d2   0x00000000   Code   RO         5567    .ARM.Collect$$libshutdown$$0000000B  c_w.l(libshutdown2.o)
    0x080001d2   0x080001d2   0x00000000   Code   RO         5570    .ARM.Collect$$libshutdown$$0000000E  c_w.l(libshutdown2.o)
    0x080001d2   0x080001d2   0x00000002   Code   RO         5571    .ARM.Collect$$libshutdown$$0000000F  c_w.l(libshutdown2.o)
    0x080001d4   0x080001d4   0x00000000   Code   RO         5406    .ARM.Collect$$rtentry$$00000000  c_w.l(__rtentry.o)
    0x080001d4   0x080001d4   0x00000000   Code   RO         5439    .ARM.Collect$$rtentry$$00000002  c_w.l(__rtentry2.o)
    0x080001d4   0x080001d4   0x00000006   Code   RO         5451    .ARM.Collect$$rtentry$$00000004  c_w.l(__rtentry4.o)
    0x080001da   0x080001da   0x00000000   Code   RO         5441    .ARM.Collect$$rtentry$$00000009  c_w.l(__rtentry2.o)
    0x080001da   0x080001da   0x00000004   Code   RO         5442    .ARM.Collect$$rtentry$$0000000A  c_w.l(__rtentry2.o)
    0x080001de   0x080001de   0x00000000   Code   RO         5444    .ARM.Collect$$rtentry$$0000000C  c_w.l(__rtentry2.o)
    0x080001de   0x080001de   0x00000008   Code   RO         5445    .ARM.Collect$$rtentry$$0000000D  c_w.l(__rtentry2.o)
    0x080001e6   0x080001e6   0x00000002   Code   RO         5518    .ARM.Collect$$rtexit$$00000000  c_w.l(rtexit.o)
    0x080001e8   0x080001e8   0x00000000   Code   RO         5527    .ARM.Collect$$rtexit$$00000002  c_w.l(rtexit2.o)
    0x080001e8   0x080001e8   0x00000004   Code   RO         5528    .ARM.Collect$$rtexit$$00000003  c_w.l(rtexit2.o)
    0x080001ec   0x080001ec   0x00000006   Code   RO         5529    .ARM.Collect$$rtexit$$00000004  c_w.l(rtexit2.o)
    0x080001f2   0x080001f2   0x00000002   PAD
    0x080001f4   0x080001f4   0x00000096   Code   RO         4574    .emb_text           port.o
    0x0800028a   0x0800028a   0x00000002   PAD
    0x0800028c   0x0800028c   0x00000040   Code   RO            4    .text               startup_stm32f103xe.o
    0x080002cc   0x080002cc   0x00000010   Code   RO         5342    .text               c_w.l(rt_ctype_table.o)
    0x080002dc   0x080002dc   0x00000038   Code   RO         5346    .text               c_w.l(__2snprintf.o)
    0x08000314   0x08000314   0x00000052   Code   RO         5352    .text               c_w.l(_printf_str.o)
    0x08000366   0x08000366   0x00000002   PAD
    0x08000368   0x08000368   0x00000078   Code   RO         5354    .text               c_w.l(_printf_dec.o)
    0x080003e0   0x080003e0   0x000000b8   Code   RO         5359    .text               c_w.l(__printf_ss.o)
    0x08000498   0x08000498   0x00000070   Code   RO         5380    .text               c_w.l(strtol.o)
    0x08000508   0x08000508   0x00000014   Code   RO         5382    .text               c_w.l(strchr.o)
    0x0800051c   0x0800051c   0x00000024   Code   RO         5384    .text               c_w.l(strstr.o)
    0x08000540   0x08000540   0x0000003e   Code   RO         5386    .text               c_w.l(strlen.o)
    0x0800057e   0x0800057e   0x00000096   Code   RO         5388    .text               c_w.l(strncmp.o)
    0x08000614   0x08000614   0x0000008a   Code   RO         5390    .text               c_w.l(rt_memcpy_v6.o)
    0x0800069e   0x0800069e   0x00000064   Code   RO         5392    .text               c_w.l(rt_memcpy_w.o)
    0x08000702   0x08000702   0x00000010   Code   RO         5396    .text               c_w.l(aeabi_memset.o)
    0x08000712   0x08000712   0x0000004e   Code   RO         5398    .text               c_w.l(rt_memclr_w.o)
    0x08000760   0x08000760   0x00000056   Code   RO         5400    .text               c_w.l(strncpy.o)
    0x080007b6   0x080007b6   0x00000006   Code   RO         5402    .text               c_w.l(heapauxi.o)
    0x080007bc   0x080007bc   0x00000008   Code   RO         5410    .text               c_w.l(rt_locale_intlibspace.o)
    0x080007c4   0x080007c4   0x00000008   Code   RO         5415    .text               c_w.l(rt_errno_addr_intlibspace.o)
    0x080007cc   0x080007cc   0x000000b2   Code   RO         5417    .text               c_w.l(_printf_intcommon.o)
    0x0800087e   0x0800087e   0x00000002   PAD
    0x08000880   0x08000880   0x00000030   Code   RO         5419    .text               c_w.l(_printf_char_common.o)
    0x080008b0   0x080008b0   0x0000000a   Code   RO         5421    .text               c_w.l(_sputc.o)
    0x080008ba   0x080008ba   0x00000010   Code   RO         5423    .text               c_w.l(_snputc.o)
    0x080008ca   0x080008ca   0x0000002c   Code   RO         5425    .text               c_w.l(_printf_char.o)
    0x080008f6   0x080008f6   0x0000009e   Code   RO         5428    .text               c_w.l(_strtoul.o)
    0x08000994   0x08000994   0x00000044   Code   RO         5433    .text               c_w.l(rt_memclr.o)
    0x080009d8   0x080009d8   0x00000008   Code   RO         5435    .text               c_w.l(libspace.o)
    0x080009e0   0x080009e0   0x0000001c   Code   RO         5455    .text               c_w.l(_chval.o)
    0x080009fc   0x080009fc   0x00000080   Code   RO         5457    .text               c_w.l(strcmpv7m.o)
    0x08000a7c   0x08000a7c   0x0000004a   Code   RO         5504    .text               c_w.l(sys_stackheap_outer.o)
    0x08000ac6   0x08000ac6   0x0000000c   Code   RO         5506    .text               c_w.l(exit.o)
    0x08000ad2   0x08000ad2   0x00000002   PAD
    0x08000ad4   0x08000ad4   0x0000000c   Code   RO         5539    .text               c_w.l(sys_exit.o)
    0x08000ae0   0x08000ae0   0x00000002   Code   RO         5541    .text               c_w.l(use_no_semi.o)
    0x08000ae2   0x08000ae2   0x00000000   Code   RO         5543    .text               c_w.l(indicate_semi.o)
    0x08000ae2   0x08000ae2   0x00000002   Code   RO          329    i.BusFault_Handler  stm32f1xx_it.o
    0x08000ae4   0x08000ae4   0x00000002   Code   RO          330    i.DebugMon_Handler  stm32f1xx_it.o
    0x08000ae6   0x08000ae6   0x00000004   Code   RO           13    i.Error_Handler     main.o
    0x08000aea   0x08000aea   0x00000046   Code   RO          891    i.HAL_DMA_Abort     stm32f1xx_hal_dma.o
    0x08000b30   0x08000b30   0x00000130   Code   RO          892    i.HAL_DMA_Abort_IT  stm32f1xx_hal_dma.o
    0x08000c60   0x08000c60   0x000001f8   Code   RO          827    i.HAL_GPIO_Init     stm32f1xx_hal_gpio.o
    0x08000e58   0x08000e58   0x0000000a   Code   RO          831    i.HAL_GPIO_WritePin  stm32f1xx_hal_gpio.o
    0x08000e62   0x08000e62   0x00000002   PAD
    0x08000e64   0x08000e64   0x0000000c   Code   RO          521    i.HAL_GetTick       stm32f1xx_hal.o
    0x08000e70   0x08000e70   0x00000010   Code   RO          527    i.HAL_IncTick       stm32f1xx_hal.o
    0x08000e80   0x08000e80   0x00000024   Code   RO          528    i.HAL_Init          stm32f1xx_hal.o
    0x08000ea4   0x08000ea4   0x00000074   Code   RO          435    i.HAL_InitTick      stm32f1xx_hal_timebase_tim.o
    0x08000f18   0x08000f18   0x00000048   Code   RO          411    i.HAL_MspInit       stm32f1xx_hal_msp.o
    0x08000f60   0x08000f60   0x0000001a   Code   RO          987    i.HAL_NVIC_EnableIRQ  stm32f1xx_hal_cortex.o
    0x08000f7a   0x08000f7a   0x00000002   PAD
    0x08000f7c   0x08000f7c   0x00000040   Code   RO          993    i.HAL_NVIC_SetPriority  stm32f1xx_hal_cortex.o
    0x08000fbc   0x08000fbc   0x00000024   Code   RO          994    i.HAL_NVIC_SetPriorityGrouping  stm32f1xx_hal_cortex.o
    0x08000fe0   0x08000fe0   0x0000012c   Code   RO          685    i.HAL_RCC_ClockConfig  stm32f1xx_hal_rcc.o
    0x0800110c   0x0800110c   0x00000040   Code   RO          689    i.HAL_RCC_GetClockConfig  stm32f1xx_hal_rcc.o
    0x0800114c   0x0800114c   0x00000020   Code   RO          692    i.HAL_RCC_GetPCLK1Freq  stm32f1xx_hal_rcc.o
    0x0800116c   0x0800116c   0x00000020   Code   RO          693    i.HAL_RCC_GetPCLK2Freq  stm32f1xx_hal_rcc.o
    0x0800118c   0x0800118c   0x0000004c   Code   RO          694    i.HAL_RCC_GetSysClockFreq  stm32f1xx_hal_rcc.o
    0x080011d8   0x080011d8   0x00000320   Code   RO          697    i.HAL_RCC_OscConfig  stm32f1xx_hal_rcc.o
    0x080014f8   0x080014f8   0x00000002   Code   RO         2193    i.HAL_TIMEx_BreakCallback  stm32f1xx_hal_tim_ex.o
    0x080014fa   0x080014fa   0x00000002   Code   RO         2194    i.HAL_TIMEx_CommutCallback  stm32f1xx_hal_tim_ex.o
    0x080014fc   0x080014fc   0x0000005a   Code   RO         1489    i.HAL_TIM_Base_Init  stm32f1xx_hal_tim.o
    0x08001556   0x08001556   0x00000002   Code   RO         1491    i.HAL_TIM_Base_MspInit  stm32f1xx_hal_tim.o
    0x08001558   0x08001558   0x0000006c   Code   RO         1494    i.HAL_TIM_Base_Start_IT  stm32f1xx_hal_tim.o
    0x080015c4   0x080015c4   0x00000002   Code   RO         1523    i.HAL_TIM_IC_CaptureCallback  stm32f1xx_hal_tim.o
    0x080015c6   0x080015c6   0x00000130   Code   RO         1537    i.HAL_TIM_IRQHandler  stm32f1xx_hal_tim.o
    0x080016f6   0x080016f6   0x00000002   Code   RO         1540    i.HAL_TIM_OC_DelayElapsedCallback  stm32f1xx_hal_tim.o
    0x080016f8   0x080016f8   0x00000002   Code   RO         1567    i.HAL_TIM_PWM_PulseFinishedCallback  stm32f1xx_hal_tim.o
    0x080016fa   0x080016fa   0x00000002   PAD
    0x080016fc   0x080016fc   0x00000014   Code   RO           14    i.HAL_TIM_PeriodElapsedCallback  main.o
    0x08001710   0x08001710   0x00000002   Code   RO         1580    i.HAL_TIM_TriggerCallback  stm32f1xx_hal_tim.o
    0x08001712   0x08001712   0x00000002   Code   RO         2472    i.HAL_UARTEx_RxEventCallback  stm32f1xx_hal_uart.o
    0x08001714   0x08001714   0x0000003c   Code   RO         4920    i.HAL_UART_ErrorCallback  uart_rx.o
    0x08001750   0x08001750   0x0000026c   Code   RO         2489    i.HAL_UART_IRQHandler  stm32f1xx_hal_uart.o
    0x080019bc   0x080019bc   0x00000064   Code   RO         2490    i.HAL_UART_Init     stm32f1xx_hal_uart.o
    0x08001a20   0x08001a20   0x000000f4   Code   RO          276    i.HAL_UART_MspInit  usart.o
    0x08001b14   0x08001b14   0x0000001c   Code   RO         2495    i.HAL_UART_Receive_IT  stm32f1xx_hal_uart.o
    0x08001b30   0x08001b30   0x00000064   Code   RO         4921    i.HAL_UART_RxCpltCallback  uart_rx.o
    0x08001b94   0x08001b94   0x000000a0   Code   RO         2498    i.HAL_UART_Transmit  stm32f1xx_hal_uart.o
    0x08001c34   0x08001c34   0x00000002   Code   RO         2501    i.HAL_UART_TxCpltCallback  stm32f1xx_hal_uart.o
    0x08001c36   0x08001c36   0x00000002   Code   RO          331    i.HardFault_Handler  stm32f1xx_it.o
    0x08001c38   0x08001c38   0x00000020   Code   RO          232    i.MX_FREERTOS_Init  freertos.o
    0x08001c58   0x08001c58   0x00000070   Code   RO          208    i.MX_GPIO_Init      gpio.o
    0x08001cc8   0x08001cc8   0x00000038   Code   RO          277    i.MX_USART1_UART_Init  usart.o
    0x08001d00   0x08001d00   0x00000038   Code   RO          278    i.MX_USART2_UART_Init  usart.o
    0x08001d38   0x08001d38   0x00000038   Code   RO          279    i.MX_USART3_UART_Init  usart.o
    0x08001d70   0x08001d70   0x00000002   Code   RO          332    i.MemManage_Handler  stm32f1xx_it.o
    0x08001d72   0x08001d72   0x00000002   Code   RO          333    i.NMI_Handler       stm32f1xx_it.o
    0x08001d74   0x08001d74   0x00000008   Code   RO          233    i.StartDefaultTask  freertos.o
    0x08001d7c   0x08001d7c   0x0000001a   Code   RO         4003    i.SysTick_Handler   cmsis_os2.o
    0x08001d96   0x08001d96   0x0000005e   Code   RO           15    i.SystemClock_Config  main.o
    0x08001df4   0x08001df4   0x00000002   Code   RO         2824    i.SystemInit        system_stm32f1xx.o
    0x08001df6   0x08001df6   0x00000002   PAD
    0x08001df8   0x08001df8   0x0000000c   Code   RO          334    i.TIM6_IRQHandler   stm32f1xx_it.o
    0x08001e04   0x08001e04   0x0000009c   Code   RO         1582    i.TIM_Base_SetConfig  stm32f1xx_hal_tim.o
    0x08001ea0   0x08001ea0   0x00000010   Code   RO         2503    i.UART_DMAAbortOnError  stm32f1xx_hal_uart.o
    0x08001eb0   0x08001eb0   0x0000004e   Code   RO         2513    i.UART_EndRxTransfer  stm32f1xx_hal_uart.o
    0x08001efe   0x08001efe   0x000000c2   Code   RO         2515    i.UART_Receive_IT   stm32f1xx_hal_uart.o
    0x08001fc0   0x08001fc0   0x000000b8   Code   RO         2516    i.UART_SetConfig    stm32f1xx_hal_uart.o
    0x08002078   0x08002078   0x00000036   Code   RO         2518    i.UART_Start_Receive_IT  stm32f1xx_hal_uart.o
    0x080020ae   0x080020ae   0x00000072   Code   RO         2519    i.UART_WaitOnFlagUntilTimeout  stm32f1xx_hal_uart.o
    0x08002120   0x08002120   0x0000000c   Code   RO          335    i.USART1_IRQHandler  stm32f1xx_it.o
    0x0800212c   0x0800212c   0x0000000c   Code   RO          336    i.USART2_IRQHandler  stm32f1xx_it.o
    0x08002138   0x08002138   0x0000000c   Code   RO          337    i.USART3_IRQHandler  stm32f1xx_it.o
    0x08002144   0x08002144   0x00000002   Code   RO          338    i.UsageFault_Handler  stm32f1xx_it.o
    0x08002146   0x08002146   0x00000020   Code   RO         1000    i.__NVIC_SetPriority  stm32f1xx_hal_cortex.o
    0x08002166   0x08002166   0x00000002   PAD
    0x08002168   0x08002168   0x00000094   Code   RO         4651    i.apn_from_imsi     app_init.o
    0x080021fc   0x080021fc   0x00000094   Code   RO         4807    i.apn_from_imsi     app_flow.o
    0x08002290   0x08002290   0x0000008c   Code   RO         4808    i.app_collect_monitor_sample  app_flow.o
    0x0800231c   0x0800231c   0x00000078   Code   RO         4809    i.app_handle_forward_4g_frame  app_flow.o
    0x08002394   0x08002394   0x00000050   Code   RO         4810    i.app_handle_forward_concentrator_frame  app_flow.o
    0x080023e4   0x080023e4   0x00000080   Code   RO         4811    i.app_handle_sim_switch  app_flow.o
    0x08002464   0x08002464   0x0000006c   Code   RO         4652    i.app_init          app_init.o
    0x080024d0   0x080024d0   0x00000124   Code   RO         4719    i.app_tasks_init    app_tasks.o
    0x080025f4   0x080025f4   0x0000007c   Code   RO         4884    i.asm_feed_byte     qgdw_framer.o
    0x08002670   0x08002670   0x00000014   Code   RO         4885    i.asm_reset         qgdw_framer.o
    0x08002684   0x08002684   0x0000005e   Code   RO         5219    i.at_parse_int_after_colon  at_parser.o
    0x080026e2   0x080026e2   0x00000002   PAD
    0x080026e4   0x080026e4   0x000000a8   Code   RO         5191    i.at_send_command   at_client.o
    0x0800278c   0x0800278c   0x00000044   Code   RO         4812    i.debug_print_drop  app_flow.o
    0x080027d0   0x080027d0   0x00000094   Code   RO         4813    i.debug_print_switch_time  app_flow.o
    0x08002864   0x08002864   0x00000016   Code   RO         4922    i.enable_usart_irq  uart_rx.o
    0x0800287a   0x0800287a   0x00000032   Code   RO           16    i.main              main.o
    0x080028ac   0x080028ac   0x0000001c   Code   RO         4923    i.modem_ring_active  uart_rx.o
    0x080028c8   0x080028c8   0x00000040   Code   RO         4655    i.modem_setup_on_slot  app_init.o
    0x08002908   0x08002908   0x0000009c   Code   RO         4814    i.monitor_probe_slot  app_flow.o
    0x080029a4   0x080029a4   0x00000018   Code   RO         4720    i.monitor_timer_cb  app_tasks.o
    0x080029bc   0x080029bc   0x0000008c   Code   RO         5253    i.n720v5_get_ccid   n720v5.o
    0x08002a48   0x08002a48   0x0000006c   Code   RO         5254    i.n720v5_get_cimi   n720v5.o
    0x08002ab4   0x08002ab4   0x00000048   Code   RO         5255    i.n720v5_get_cpin   n720v5.o
    0x08002afc   0x08002afc   0x0000004c   Code   RO         5256    i.n720v5_get_creg   n720v5.o
    0x08002b48   0x08002b48   0x00000048   Code   RO         5257    i.n720v5_get_csq    n720v5.o
    0x08002b90   0x08002b90   0x00000040   Code   RO         5262    i.n720v5_set_cgdcont  n720v5.o
    0x08002bd0   0x08002bd0   0x0000003c   Code   RO         5263    i.n720v5_set_netact  n720v5.o
    0x08002c0c   0x08002c0c   0x00000038   Code   RO         5264    i.n720v5_set_sim    n720v5.o
    0x08002c44   0x08002c44   0x0000001a   Code   RO         4005    i.osDelay           cmsis_os2.o
    0x08002c5e   0x08002c5e   0x00000002   PAD
    0x08002c60   0x08002c60   0x00000024   Code   RO         4019    i.osKernelInitialize  cmsis_os2.o
    0x08002c84   0x08002c84   0x00000038   Code   RO         4022    i.osKernelStart     cmsis_os2.o
    0x08002cbc   0x08002cbc   0x00000088   Code   RO         4064    i.osThreadNew       cmsis_os2.o
    0x08002d44   0x08002d44   0x0000005c   Code   RO         3467    i.prvAddCurrentTaskToDelayedList  tasks.o
    0x08002da0   0x08002da0   0x000000d0   Code   RO         3468    i.prvAddNewTaskToReadyList  tasks.o
    0x08002e70   0x08002e70   0x00000058   Code   RO         3832    i.prvCheckForValidListAndQueue  timers.o
    0x08002ec8   0x08002ec8   0x00000026   Code   RO         3029    i.prvCopyDataFromQueue  queue.o
    0x08002eee   0x08002eee   0x0000006c   Code   RO         3030    i.prvCopyDataToQueue  queue.o
    0x08002f5a   0x08002f5a   0x00000034   Code   RO         3469    i.prvDeleteTCB      tasks.o
    0x08002f8e   0x08002f8e   0x00000002   PAD
    0x08002f90   0x08002f90   0x0000004c   Code   RO         4519    i.prvHeapInit       heap_4.o
    0x08002fdc   0x08002fdc   0x00000060   Code   RO         3470    i.prvIdleTask       tasks.o
    0x0800303c   0x0800303c   0x00000016   Code   RO         3031    i.prvInitialiseMutex  queue.o
    0x08003052   0x08003052   0x00000002   PAD
    0x08003054   0x08003054   0x00000026   Code   RO         3032    i.prvInitialiseNewQueue  queue.o
    0x0800307a   0x0800307a   0x00000002   PAD
    0x0800307c   0x0800307c   0x000000b0   Code   RO         3471    i.prvInitialiseNewTask  tasks.o
    0x0800312c   0x0800312c   0x0000004e   Code   RO         3833    i.prvInitialiseNewTimer  timers.o
    0x0800317a   0x0800317a   0x00000002   PAD
    0x0800317c   0x0800317c   0x0000004c   Code   RO         4520    i.prvInsertBlockIntoFreeList  heap_4.o
    0x080031c8   0x080031c8   0x00000038   Code   RO         3834    i.prvInsertTimerInActiveList  timers.o
    0x08003200   0x08003200   0x0000001c   Code   RO         3033    i.prvIsQueueEmpty   queue.o
    0x0800321c   0x0800321c   0x0000006c   Code   RO         3034    i.prvNotifyQueueSetContainer  queue.o
    0x08003288   0x08003288   0x000000fc   Code   RO         3835    i.prvProcessReceivedCommands  timers.o
    0x08003384   0x08003384   0x000000c0   Code   RO         3836    i.prvProcessTimerOrBlockTask  timers.o
    0x08003444   0x08003444   0x00000020   Code   RO         3473    i.prvResetNextTaskUnblockTime  tasks.o
    0x08003464   0x08003464   0x00000028   Code   RO         3837    i.prvSampleTimeNow  timers.o
    0x0800348c   0x0800348c   0x0000006c   Code   RO         3838    i.prvSwitchTimerLists  timers.o
    0x080034f8   0x080034f8   0x00000028   Code   RO         4575    i.prvTaskExitError  port.o
    0x08003520   0x08003520   0x00000014   Code   RO         2867    i.prvTestWaitCondition  event_groups.o
    0x08003534   0x08003534   0x00000024   Code   RO         3839    i.prvTimerTask      timers.o
    0x08003558   0x08003558   0x00000076   Code   RO         3035    i.prvUnlockQueue    queue.o
    0x080035ce   0x080035ce   0x00000002   PAD
    0x080035d0   0x080035d0   0x000000dc   Code   RO         4521    i.pvPortMalloc      heap_4.o
    0x080036ac   0x080036ac   0x00000018   Code   RO         3476    i.pvTaskIncrementMutexHeldCount  tasks.o
    0x080036c4   0x080036c4   0x00000024   Code   RO         4576    i.pxPortInitialiseStack  port.o
    0x080036e8   0x080036e8   0x0000001c   Code   RO         4886    i.qgdw_framer_init  qgdw_framer.o
    0x08003704   0x08003704   0x00000074   Code   RO         4887    i.qgdw_framer_poll  qgdw_framer.o
    0x08003778   0x08003778   0x00000088   Code   RO         4815    i.qgdw_parse_frame  app_flow.o
    0x08003800   0x08003800   0x0000000c   Code   RO         4924    i.ring_flush        uart_rx.o
    0x0800380c   0x0800380c   0x0000002a   Code   RO         4925    i.ring_pop          uart_rx.o
    0x08003836   0x08003836   0x0000001e   Code   RO         4926    i.ring_push_isr     uart_rx.o
    0x08003854   0x08003854   0x00000010   Code   RO         5134    i.rs485_init        rs485.o
    0x08003864   0x08003864   0x00000018   Code   RO         5135    i.rs485_set_tx      rs485.o
    0x0800387c   0x0800387c   0x00000048   Code   RO         4721    i.set_switch_lock   app_tasks.o
    0x080038c4   0x080038c4   0x0000001c   Code   RO         5221    i.skip_spaces       at_parser.o
    0x080038e0   0x080038e0   0x00000014   Code   RO         4927    i.start_rx_it       uart_rx.o
    0x080038f4   0x080038f4   0x0000000c   Code   RO         4722    i.switch_lock_timer_cb  app_tasks.o
    0x08003900   0x08003900   0x00000064   Code   RO         4723    i.task_decision     app_tasks.o
    0x08003964   0x08003964   0x0000005c   Code   RO         4724    i.task_forward      app_tasks.o
    0x080039c0   0x080039c0   0x00000044   Code   RO         4725    i.task_monitor      app_tasks.o
    0x08003a04   0x08003a04   0x00000044   Code   RO         4726    i.task_rx           app_tasks.o
    0x08003a48   0x08003a48   0x0000006c   Code   RO         4727    i.task_sim_switch   app_tasks.o
    0x08003ab4   0x08003ab4   0x00000004   Code   RO         5048    i.uart_init         uart_driver.o
    0x08003ab8   0x08003ab8   0x00000004   Code   RO         5050    i.uart_modem_read_line  uart_driver.o
    0x08003abc   0x08003abc   0x0000002c   Code   RO         5051    i.uart_modem_select  uart_driver.o
    0x08003ae8   0x08003ae8   0x00000014   Code   RO         5052    i.uart_modem_write  uart_driver.o
    0x08003afc   0x08003afc   0x00000014   Code   RO         5054    i.uart_rs485_write  uart_driver.o
    0x08003b10   0x08003b10   0x00000024   Code   RO         4928    i.uart_rx_flush     uart_rx.o
    0x08003b34   0x08003b34   0x00000020   Code   RO         4929    i.uart_rx_flush_slot  uart_rx.o
    0x08003b54   0x08003b54   0x00000074   Code   RO         4930    i.uart_rx_init      uart_rx.o
    0x08003bc8   0x08003bc8   0x00000002   Code   RO         4931    i.uart_rx_on_modem_uart_changed  uart_rx.o
    0x08003bca   0x08003bca   0x00000002   PAD
    0x08003bcc   0x08003bcc   0x0000005c   Code   RO         4932    i.uart_rx_pop       uart_rx.o
    0x08003c28   0x08003c28   0x0000005c   Code   RO         4933    i.uart_rx_pop_modem_combined  uart_rx.o
    0x08003c84   0x08003c84   0x00000014   Code   RO         4934    i.uart_rx_read_line_modem  uart_rx.o
    0x08003c98   0x08003c98   0x00000070   Code   RO         4935    i.uart_rx_read_line_slot  uart_rx.o
    0x08003d08   0x08003d08   0x0000000c   Code   RO         4937    i.uart_rx_set_active_modem  uart_rx.o
    0x08003d14   0x08003d14   0x00000018   Code   RO         5055    i.uart_sync_init    uart_driver.o
    0x08003d2c   0x08003d2c   0x0000001a   Code   RO         5056    i.uart_write        uart_driver.o
    0x08003d46   0x08003d46   0x00000026   Code   RO         2989    i.uxListRemove      list.o
    0x08003d6c   0x08003d6c   0x00000018   Code   RO         3485    i.uxTaskResetEventItemValue  tasks.o
    0x08003d84   0x08003d84   0x00000014   Code   RO         4076    i.vApplicationGetIdleTaskMemory  cmsis_os2.o
    0x08003d98   0x08003d98   0x00000018   Code   RO         4077    i.vApplicationGetTimerTaskMemory  cmsis_os2.o
    0x08003db0   0x08003db0   0x00000016   Code   RO         2990    i.vListInitialise   list.o
    0x08003dc6   0x08003dc6   0x00000006   Code   RO         2991    i.vListInitialiseItem  list.o
    0x08003dcc   0x08003dcc   0x00000030   Code   RO         2992    i.vListInsert       list.o
    0x08003dfc   0x08003dfc   0x00000018   Code   RO         2993    i.vListInsertEnd    list.o
    0x08003e14   0x08003e14   0x00000040   Code   RO         4578    i.vPortEnterCritical  port.o
    0x08003e54   0x08003e54   0x00000028   Code   RO         4579    i.vPortExitCritical  port.o
    0x08003e7c   0x08003e7c   0x00000064   Code   RO         4522    i.vPortFree         heap_4.o
    0x08003ee0   0x08003ee0   0x00000024   Code   RO         4580    i.vPortSetupTimerInterrupt  port.o
    0x08003f04   0x08003f04   0x00000054   Code   RO         4581    i.vPortValidateInterruptPriority  port.o
    0x08003f58   0x08003f58   0x00000028   Code   RO         3041    i.vQueueAddToRegistry  queue.o
    0x08003f80   0x08003f80   0x00000044   Code   RO         3045    i.vQueueWaitForMessageRestricted  queue.o
    0x08003fc4   0x08003fc4   0x0000004c   Code   RO         3486    i.vTaskDelay        tasks.o
    0x08004010   0x08004010   0x00000010   Code   RO         3491    i.vTaskInternalSetTimeOutState  tasks.o
    0x08004020   0x08004020   0x0000000c   Code   RO         3492    i.vTaskMissedYield  tasks.o
    0x0800402c   0x0800402c   0x00000030   Code   RO         3494    i.vTaskPlaceOnEventList  tasks.o
    0x0800405c   0x0800405c   0x00000038   Code   RO         3495    i.vTaskPlaceOnEventListRestricted  tasks.o
    0x08004094   0x08004094   0x00000050   Code   RO         3496    i.vTaskPlaceOnUnorderedEventList  tasks.o
    0x080040e4   0x080040e4   0x00000090   Code   RO         3497    i.vTaskPriorityDisinheritAfterTimeout  tasks.o
    0x08004174   0x08004174   0x00000070   Code   RO         3499    i.vTaskRemoveFromUnorderedEventList  tasks.o
    0x080041e4   0x080041e4   0x00000088   Code   RO         3503    i.vTaskStartScheduler  tasks.o
    0x0800426c   0x0800426c   0x00000010   Code   RO         3505    i.vTaskSuspendAll   tasks.o
    0x0800427c   0x0800427c   0x00000064   Code   RO         3506    i.vTaskSwitchContext  tasks.o
    0x080042e0   0x080042e0   0x0000001c   Code   RO         2875    i.xEventGroupCreate  event_groups.o
    0x080042fc   0x080042fc   0x0000008c   Code   RO         2878    i.xEventGroupSetBits  event_groups.o
    0x08004388   0x08004388   0x00000108   Code   RO         2881    i.xEventGroupWaitBits  event_groups.o
    0x08004490   0x08004490   0x000000a8   Code   RO         4582    i.xPortStartScheduler  port.o
    0x08004538   0x08004538   0x0000002c   Code   RO         4583    i.xPortSysTickHandler  port.o
    0x08004564   0x08004564   0x00000022   Code   RO         3046    i.xQueueAddToSet    queue.o
    0x08004586   0x08004586   0x00000016   Code   RO         3049    i.xQueueCreateMutex  queue.o
    0x0800459c   0x0800459c   0x00000008   Code   RO         3051    i.xQueueCreateSet   queue.o
    0x080045a4   0x080045a4   0x00000042   Code   RO         3052    i.xQueueGenericCreate  queue.o
    0x080045e6   0x080045e6   0x00000066   Code   RO         3053    i.xQueueGenericCreateStatic  queue.o
    0x0800464c   0x0800464c   0x00000088   Code   RO         3054    i.xQueueGenericReset  queue.o
    0x080046d4   0x080046d4   0x00000178   Code   RO         3055    i.xQueueGenericSend  queue.o
    0x0800484c   0x0800484c   0x000000d6   Code   RO         3056    i.xQueueGenericSendFromISR  queue.o
    0x08004922   0x08004922   0x00000002   PAD
    0x08004924   0x08004924   0x00000138   Code   RO         3065    i.xQueueReceive     queue.o
    0x08004a5c   0x08004a5c   0x00000012   Code   RO         3068    i.xQueueSelectFromSet  queue.o
    0x08004a6e   0x08004a6e   0x00000002   PAD
    0x08004a70   0x08004a70   0x00000178   Code   RO         3070    i.xQueueSemaphoreTake  queue.o
    0x08004be8   0x08004be8   0x00000074   Code   RO         3508    i.xTaskCheckForTimeOut  tasks.o
    0x08004c5c   0x08004c5c   0x0000005a   Code   RO         3509    i.xTaskCreate       tasks.o
    0x08004cb6   0x08004cb6   0x00000056   Code   RO         3510    i.xTaskCreateStatic  tasks.o
    0x08004d0c   0x08004d0c   0x0000001c   Code   RO         3514    i.xTaskGetSchedulerState  tasks.o
    0x08004d28   0x08004d28   0x0000000c   Code   RO         3515    i.xTaskGetTickCount  tasks.o
    0x08004d34   0x08004d34   0x000000c8   Code   RO         3517    i.xTaskIncrementTick  tasks.o
    0x08004dfc   0x08004dfc   0x00000080   Code   RO         3520    i.xTaskPriorityDisinherit  tasks.o
    0x08004e7c   0x08004e7c   0x00000078   Code   RO         3521    i.xTaskPriorityInherit  tasks.o
    0x08004ef4   0x08004ef4   0x00000070   Code   RO         3522    i.xTaskRemoveFromEventList  tasks.o
    0x08004f64   0x08004f64   0x000000c4   Code   RO         3523    i.xTaskResumeAll    tasks.o
    0x08005028   0x08005028   0x00000034   Code   RO         3846    i.xTimerCreate      timers.o
    0x0800505c   0x0800505c   0x00000060   Code   RO         3848    i.xTimerCreateTimerTask  timers.o
    0x080050bc   0x080050bc   0x00000068   Code   RO         3849    i.xTimerGenericCommand  timers.o
    0x08005124   0x08005124   0x0000002c   Code   RO         5431    locale$$code        c_w.l(lc_ctype_c.o)
    0x08005150   0x08005150   0x00000024   Data   RO          234    .constdata          freertos.o
    0x08005174   0x08005174   0x00000012   Data   RO          698    .constdata          stm32f1xx_hal_rcc.o
    0x08005186   0x08005186   0x00000010   Data   RO         2825    .constdata          system_stm32f1xx.o
    0x08005196   0x08005196   0x00000008   Data   RO         2826    .constdata          system_stm32f1xx.o
    0x0800519e   0x0800519e   0x00000002   PAD
    0x080051a0   0x080051a0   0x0000000c   Data   RO          235    .conststring        freertos.o
    0x080051ac   0x080051ac   0x00000020   Data   RO         5592    Region$$Table       anon$$obj.o
    0x080051cc   0x080051cc   0x00000110   Data   RO         5430    locale$$data        c_w.l(lc_ctype_c.o)


    Execution Region RW_IRAM1 (Exec base: 0x20000000, Load base: 0x080052dc, Size: 0x00005050, Max: 0x0000c000, ABSOLUTE)

    Exec Addr    Load Addr    Size         Type   Attr      Idx    E Section Name        Object

    0x20000000   0x080052dc   0x00000004   Data   RW          236    .data               freertos.o
    0x20000004   0x080052e0   0x0000000c   Data   RW          535    .data               stm32f1xx_hal.o
    0x20000010   0x080052ec   0x00000004   Data   RW         2827    .data               system_stm32f1xx.o
    0x20000014   0x080052f0   0x0000003c   Data   RW         3526    .data               tasks.o
    0x20000050   0x0800532c   0x00000014   Data   RW         3857    .data               timers.o
    0x20000064   0x08005340   0x00000004   Data   RW         4079    .data               cmsis_os2.o
    0x20000068   0x08005344   0x00000020   Data   RW         4528    .data               heap_4.o
    0x20000088   0x08005364   0x0000000c   Data   RW         4584    .data               port.o
    0x20000094   0x08005370   0x00000014   Data   RW         4656    .data               app_init.o
    0x200000a8   0x08005384   0x00000010   Data   RW         4728    .data               app_tasks.o
    0x200000b8   0x08005394   0x0000000c   Data   RW         4817    .data               app_flow.o
    0x200000c4   0x080053a0   0x00000001   Data   RW         4939    .data               uart_rx.o
    0x200000c5   0x080053a1   0x00000003   PAD
    0x200000c8   0x080053a4   0x0000000c   Data   RW         5057    .data               uart_driver.o
    0x200000d4        -       0x000000d8   Zero   RW          280    .bss                usart.o
    0x200001ac        -       0x00000048   Zero   RW          438    .bss                stm32f1xx_hal_timebase_tim.o
    0x200001f4        -       0x00000040   Zero   RW         3072    .bss                queue.o
    0x20000234        -       0x000004c4   Zero   RW         3525    .bss                tasks.o
    0x200006f8        -       0x0000011c   Zero   RW         3856    .bss                timers.o
    0x20000814        -       0x000006b8   Zero   RW         4078    .bss                cmsis_os2.o
    0x20000ecc        -       0x00003000   Zero   RW         4527    .bss                heap_4.o
    0x20003ecc        -       0x00000100   Zero   RW         4816    .bss                app_flow.o
    0x20003fcc        -       0x00000410   Zero   RW         4888    .bss                qgdw_framer.o
    0x200043dc        -       0x00000612   Zero   RW         4938    .bss                uart_rx.o
    0x200049ee   0x080053b0   0x00000002   PAD
    0x200049f0        -       0x00000060   Zero   RW         5436    .bss                c_w.l(libspace.o)
    0x20004a50        -       0x00000200   Zero   RW            2    HEAP                startup_stm32f103xe.o
    0x20004c50        -       0x00000400   Zero   RW            1    STACK               startup_stm32f103xe.o


==============================================================================

Image component sizes


      Code (inc. data)   RO Data    RW Data    ZI Data      Debug   Object Name

      1124        248          0         12        256       7479   app_flow.o
       320         78          0         20          0       3621   app_init.o
       836        184          0         16          0       5445   app_tasks.o
       168         18          0          0          0       1390   at_client.o
       122          0          0          0          0       1635   at_parser.o
       324         22          0          4       1720     257827   cmsis_os2.o
       452          4          0          0          0      26991   event_groups.o
        40         14         48          4          0       1569   freertos.o
       112          8          0          0          0        871   gpio.o
       472         24          0         32      12288       4391   heap_4.o
       138          0          0          0          0       3070   list.o
       168          6          0          0          0     505344   main.o
       648        136          0          0          0       5927   n720v5.o
       662         70          0         12          0      10381   port.o
       288         18          0          0       1040       3006   qgdw_framer.o
      2232         22          0          0         64      21245   queue.o
        40         10          0          0          0        820   rs485.o
        64         26        304          0       1536        788   startup_stm32f103xe.o
        64         14          0         12          0       5110   stm32f1xx_hal.o
       158         14          0          0          0      27742   stm32f1xx_hal_cortex.o
       374          8          0          0          0       1679   stm32f1xx_hal_dma.o
       514         42          0          0          0       2504   stm32f1xx_hal_gpio.o
        72         10          0          0          0        826   stm32f1xx_hal_msp.o
      1304         94         18          0          0       5273   stm32f1xx_hal_rcc.o
       668         42          0          0          0       6772   stm32f1xx_hal_tim.o
         4          0          0          0          0       1509   stm32f1xx_hal_tim_ex.o
       116         16          0          0         72       1327   stm32f1xx_hal_timebase_tim.o
      1552         10          0          0          0       9051   stm32f1xx_hal_uart.o
        60         24          0          0          0       4095   stm32f1xx_it.o
         0          0          0          0          0        408   stream_buffer.o
         2          0         24          4          0       1047   system_stm32f1xx.o
      2588        210          0         60       1220      28394   tasks.o
      1102         80          0         20        284      29894   timers.o
       142         28          0         12          0       4160   uart_driver.o
       828        144          0          1       1554      10331   uart_rx.o
       412         48          0          0        216       2844   usart.o

    ----------------------------------------------------------------------
     18202       1672        428        212      20252    1004766   Object Totals
         0          0         32          0          0          0   (incl. Generated)
        32          0          2          3          2          0   (incl. Padding)

    ----------------------------------------------------------------------

      Code (inc. data)   RO Data    RW Data    ZI Data      Debug   Library Member Name

        56          6          0          0          0         88   __2snprintf.o
         8          0          0          0          0         68   __main.o
       184          0          0          0          0         84   __printf_ss.o
         0          0          0          0          0          0   __rtentry.o
        12          0          0          0          0          0   __rtentry2.o
         6          0          0          0          0          0   __rtentry4.o
        52          8          0          0          0          0   __scatter.o
        26          0          0          0          0          0   __scatter_copy.o
        28          0          0          0          0          0   __scatter_zi.o
        28          0          0          0          0         68   _chval.o
        44          0          0          0          0        108   _printf_char.o
        48          6          0          0          0         96   _printf_char_common.o
         6          0          0          0          0          0   _printf_d.o
       120         16          0          0          0         92   _printf_dec.o
       178          0          0          0          0         88   _printf_intcommon.o
         0          0          0          0          0          0   _printf_percent.o
         4          0          0          0          0          0   _printf_percent_end.o
         6          0          0          0          0          0   _printf_s.o
        82          0          0          0          0         80   _printf_str.o
         6          0          0          0          0          0   _printf_u.o
        16          0          0          0          0         68   _snputc.o
        10          0          0          0          0         68   _sputc.o
       158          0          0          0          0         92   _strtoul.o
        16          0          0          0          0         68   aeabi_memset.o
        12          0          0          0          0         72   exit.o
         6          0          0          0          0        152   heapauxi.o
         0          0          0          0          0          0   indicate_semi.o
        44         10        272          0          0         76   lc_ctype_c.o
         2          0          0          0          0          0   libinit.o
        20          0          0          0          0          0   libinit2.o
         2          0          0          0          0          0   libshutdown.o
         2          0          0          0          0          0   libshutdown2.o
         8          4          0          0         96         68   libspace.o
        16          4          0          0          0         76   rt_ctype_table.o
         8          4          0          0          0         68   rt_errno_addr_intlibspace.o
         8          4          0          0          0         68   rt_locale_intlibspace.o
        68          0          0          0          0         68   rt_memclr.o
        78          0          0          0          0         80   rt_memclr_w.o
       138          0          0          0          0         68   rt_memcpy_v6.o
       100          0          0          0          0         80   rt_memcpy_w.o
         2          0          0          0          0          0   rtexit.o
        10          0          0          0          0          0   rtexit2.o
        20          0          0          0          0         68   strchr.o
       128          0          0          0          0         68   strcmpv7m.o
        62          0          0          0          0         76   strlen.o
       150          0          0          0          0         80   strncmp.o
        86          0          0          0          0         76   strncpy.o
        36          0          0          0          0         80   strstr.o
       112          0          0          0          0         88   strtol.o
        12          4          0          0          0         68   sys_exit.o
        74          0          0          0          0         80   sys_stackheap_outer.o
         2          0          0          0          0         68   use_no_semi.o

    ----------------------------------------------------------------------
      2310         66        272          0         96       2696   Library Totals
        10          0          0          0          0          0   (incl. Padding)

    ----------------------------------------------------------------------

      Code (inc. data)   RO Data    RW Data    ZI Data      Debug   Library Name

      2300         66        272          0         96       2696   c_w.l

    ----------------------------------------------------------------------
      2310         66        272          0         96       2696   Library Totals

    ----------------------------------------------------------------------

==============================================================================


      Code (inc. data)   RO Data    RW Data    ZI Data      Debug   

     20512       1738        700        212      20348     994978   Grand Totals
     20512       1738        700        212      20348     994978   ELF Image Totals
     20512       1738        700        212          0          0   ROM Totals

==============================================================================

    Total RO  Size (Code + RO Data)                21212 (  20.71kB)
    Total RW  Size (RW Data + ZI Data)             20560 (  20.08kB)
    Total ROM Size (Code + RO Data + RW Data)      21424 (  20.92kB)

==============================================================================

